Archive member included to satisfy reference by file (symbol)

app/libapp.a(test_battery_sense.cpp.obj)
                              (--whole-archive)
zephyr/libzephyr.a(cpp_dtors.c.obj)
                              (--whole-archive)
zephyr/libzephyr.a(heap.c.obj)
                              (--whole-archive)
zephyr/libzephyr.a(cbprintf_packaged.c.obj)
                              (--whole-archive)
zephyr/libzephyr.a(clock.c.obj)
                              (--whole-archive)
zephyr/libzephyr.a(printk.c.obj)
                              (--whole-archive)
zephyr/libzephyr.a(sem.c.obj)
                              (--whole-archive)
zephyr/libzephyr.a(thread_entry.c.obj)
                              (--whole-archive)
zephyr/libzephyr.a(cbprintf_complete.c.obj)
                              (--whole-archive)
zephyr/libzephyr.a(cbprintf.c.obj)
                              (--whole-archive)
zephyr/libzephyr.a(assert.c.obj)
                              (--whole-archive)
zephyr/libzephyr.a(dec.c.obj)
                              (--whole-archive)
zephyr/libzephyr.a(hex.c.obj)
                              (--whole-archive)
zephyr/libzephyr.a(rb.c.obj)  (--whole-archive)
zephyr/libzephyr.a(timeutil.c.obj)
                              (--whole-archive)
zephyr/libzephyr.a(bitarray.c.obj)
                              (--whole-archive)
zephyr/libzephyr.a(ring_buffer.c.obj)
                              (--whole-archive)
zephyr/libzephyr.a(configs.c.obj)
                              (--whole-archive)
zephyr/libzephyr.a(log_core.c.obj)
                              (--whole-archive)
zephyr/libzephyr.a(log_mgmt.c.obj)
                              (--whole-archive)
zephyr/libzephyr.a(log_cache.c.obj)
                              (--whole-archive)
zephyr/libzephyr.a(log_msg.c.obj)
                              (--whole-archive)
zephyr/libzephyr.a(log_output.c.obj)
                              (--whole-archive)
zephyr/libzephyr.a(log_backend_native_posix.c.obj)
                              (--whole-archive)
zephyr/libzephyr.a(tracing_none.c.obj)
                              (--whole-archive)
zephyr/libzephyr.a(utils.c.obj)
                              (--whole-archive)
zephyr/libzephyr.a(aes_decrypt.c.obj)
                              (--whole-archive)
zephyr/libzephyr.a(aes_encrypt.c.obj)
                              (--whole-archive)
zephyr/libzephyr.a(cmac_mode.c.obj)
                              (--whole-archive)
zephyr/arch/arch/posix/core/libarch__posix__core.a(cpuhalt.c.obj)
                              (--whole-archive)
zephyr/arch/arch/posix/core/libarch__posix__core.a(fatal.c.obj)
                              (--whole-archive)
zephyr/arch/arch/posix/core/libarch__posix__core.a(irq.c.obj)
                              (--whole-archive)
zephyr/arch/arch/posix/core/libarch__posix__core.a(swap.c.obj)
                              (--whole-archive)
zephyr/arch/arch/posix/core/libarch__posix__core.a(thread.c.obj)
                              (--whole-archive)
zephyr/arch/arch/posix/core/libarch__posix__core.a(posix_core_nsi.c.obj)
                              (--whole-archive)
zephyr/soc/soc/native/libsoc__native__inf_clock.a(soc.c.obj)
                              (--whole-archive)
zephyr/soc/soc/native/libsoc__native__inf_clock.a(native_tasks.c.obj)
                              (--whole-archive)
zephyr/soc/soc/native/libsoc__native__inf_clock.a(native_remap.c.obj)
                              (--whole-archive)
zephyr/boards/native/native_sim/libboards__native__native_sim.a(cmdline.c.obj)
                              (--whole-archive)
zephyr/boards/native/native_sim/libboards__native__native_sim.a(cpu_wait.c.obj)
                              (--whole-archive)
zephyr/boards/native/native_sim/libboards__native__native_sim.a(nsi_if.c.obj)
                              (--whole-archive)
zephyr/boards/native/native_sim/libboards__native__native_sim.a(irq_handler.c.obj)
                              (--whole-archive)
zephyr/boards/native/native_sim/libboards__native__native_sim.a(misc.c.obj)
                              (--whole-archive)
zephyr/boards/native/native_sim/libboards__native__native_sim.a(posix_arch_if.c.obj)
                              (--whole-archive)
zephyr/subsys/testsuite/ztest/libsubsys__testsuite__ztest.a(ztest.c.obj)
                              (--whole-archive)
zephyr/subsys/testsuite/ztest/libsubsys__testsuite__ztest.a(ztest_error_hook.c.obj)
                              (--whole-archive)
zephyr/subsys/testsuite/ztest/libsubsys__testsuite__ztest.a(ztest_rules.c.obj)
                              (--whole-archive)
zephyr/subsys/testsuite/ztest/libsubsys__testsuite__ztest.a(ztest_posix.c.obj)
                              (--whole-archive)
zephyr/drivers/adc/libdrivers__adc.a(adc_common.c.obj)
                              (--whole-archive)
zephyr/drivers/adc/libdrivers__adc.a(adc_emul.c.obj)
                              (--whole-archive)
[...]
Memory Configuration

Name             Origin             Length             Attributes
*default*        0x0000000000000000 0xffffffffffffffff

Linker script and memory map


.interp
 *(SORT_BY_ALIGNMENT(.interp))

.note.gnu.build-id
 *(SORT_BY_ALIGNMENT(.note.gnu.build-id))

.hash
 *(SORT_BY_ALIGNMENT(.hash))

.gnu.hash
 *(SORT_BY_ALIGNMENT(.gnu.hash))

.dynsym
 *(SORT_BY_ALIGNMENT(.dynsym))

.dynstr
 *(SORT_BY_ALIGNMENT(.dynstr))

.gnu.version
 *(SORT_BY_ALIGNMENT(.gnu.version))

.gnu.version_d
 *(SORT_BY_ALIGNMENT(.gnu.version_d))

.gnu.version_r
 *(SORT_BY_ALIGNMENT(.gnu.version_r))

.rel.init
 *(SORT_BY_ALIGNMENT(.rel.init))

.rel.text
 *(SORT_BY_ALIGNMENT(.rel.text))

.rel.fini
 *(SORT_BY_ALIGNMENT(.rel.fini))

.rel.rodata
 *(SORT_BY_ALIGNMENT(.rel.rodata))

.rel.data.rel.ro
 *(SORT_BY_ALIGNMENT(.rel.data.rel.ro))

.rel.data
 *(SORT_BY_ALIGNMENT(.rel.data))

.rel.tdata
 *(SORT_BY_ALIGNMENT(.rel.tdata))

.rel.tbss
 *(SORT_BY_ALIGNMENT(.rel.tbss))

.rel.ctors
 *(SORT_BY_ALIGNMENT(.rel.ctors))

.rel.dtors
 *(SORT_BY_ALIGNMENT(.rel.dtors))

.rel.got
 *(SORT_BY_ALIGNMENT(.rel.got))

.rel.bss
 *(SORT_BY_ALIGNMENT(.rel.bss))

.rel.ifunc
 *(SORT_BY_ALIGNMENT(.rel.ifunc))

.rel.plt
 *(SORT_BY_ALIGNMENT(.rel.plt))

.relr.dyn
 *(SORT_BY_ALIGNMENT(.relr.dyn))

.init
 *(SORT_NONE(.init))

.plt
 *(SORT_BY_ALIGNMENT(.plt))

.plt.got
 *(SORT_BY_ALIGNMENT(.plt.got))

.plt.sec
 *(SORT_BY_ALIGNMENT(.plt.sec))

.text
 *(SORT_BY_ALIGNMENT(.text) SORT_BY_ALIGNMENT(.stub))
 *(SORT_BY_ALIGNMENT(.gnu.warning))

.text._OffsetAbsSyms
                0x0000000000000000        0x1
 .text._OffsetAbsSyms
                0x0000000000000000        0x1 zephyr/CMakeFiles/offsets.dir/./arch/posix/core/offsets/offsets.c.obj
                0x0000000000000000                _OffsetAbsSyms

.text._ZNK7loragro19BatterySenseAdapter7getNameEv
                0x0000000000000000        0x6
 .text._ZNK7loragro19BatterySenseAdapter7getNameEv
                0x0000000000000000        0x6 app/libapp.a(test_battery_sense.cpp.obj)
                0x0000000000000000                loragro::BatterySenseAdapter::getName() const

.text._ZN7loragro19BatterySenseAdapterD2Ev
                0x0000000000000000        0x1
 .text._ZN7loragro19BatterySenseAdapterD2Ev
                0x0000000000000000        0x1 app/libapp.a(test_battery_sense.cpp.obj)
                0x0000000000000000                loragro::BatterySenseAdapter::~BatterySenseAdapter()
                0x0000000000000000                loragro::BatterySenseAdapter::~BatterySenseAdapter()

.text._ZNK7loragro6SensorILj1EE12measurementsEv
                0x0000000000000000        0xb
 .text._ZNK7loragro6SensorILj1EE12measurementsEv
                0x0000000000000000        0xb app/libapp.a(test_battery_sense.cpp.obj)
                0x0000000000000000                loragro::Sensor<1u>::measurements() const

.text._ZNK7loragro6SensorILj1EE5countEv
                0x0000000000000000        0x6
 .text._ZNK7loragro6SensorILj1EE5countEv
                0x0000000000000000        0x6 app/libapp.a(test_battery_sense.cpp.obj)
                0x0000000000000000                loragro::Sensor<1u>::count() const

.text._ZN7loragro19BatterySenseAdapterD0Ev
                0x0000000000000000       0x15
 .text._ZN7loragro19BatterySenseAdapterD0Ev
                0x0000000000000000       0x15 app/libapp.a(test_battery_sense.cpp.obj)
                0x0000000000000000                loragro::BatterySenseAdapter::~BatterySenseAdapter()

.text._ZN7loragro19BatterySenseAdapter4initEv
                0x0000000000000000       0x54
 .text._ZN7loragro19BatterySenseAdapter4initEv
                0x0000000000000000       0x54 app/libapp.a(test_battery_sense.cpp.obj)
                0x0000000000000000                loragro::BatterySenseAdapter::init()

.text.z_zassert.constprop.0
                0x0000000000000000       0x5c
 .text.z_zassert.constprop.0
                0x0000000000000000       0x5c app/libapp.a(test_battery_sense.cpp.obj)

.text._ZL45_battery_sense_suite_test_sample_ramp_wrapperPv
                0x0000000000000000       0xb4
 .text._ZL45_battery_sense_suite_test_sample_ramp_wrapperPv
                0x0000000000000000       0xb4 app/libapp.a(test_battery_sense.cpp.obj)

.text._ZL62_battery_sense_suite_test_sample_returns_valid_voltage_wrapperPv
                0x0000000000000000       0x9d
 .text._ZL62_battery_sense_suite_test_sample_returns_valid_voltage_wrapperPv
                0x0000000000000000       0x9d app/libapp.a(test_battery_sense.cpp.obj)

.text._ZL19battery_suite_setupv
                0x0000000000000000      0x11b
 .text._ZL19battery_suite_setupv
                0x0000000000000000      0x11b app/libapp.a(test_battery_sense.cpp.obj)

.text._ZL46_battery_sense_suite_test_is_connected_wrapperPv
                0x0000000000000000       0x3e
 .text._ZL46_battery_sense_suite_test_is_connected_wrapperPv
                0x0000000000000000       0x3e app/libapp.a(test_battery_sense.cpp.obj)

.text._ZL38_battery_sense_suite_test_init_wrapperPv
                0x0000000000000000       0x33
 .text._ZL38_battery_sense_suite_test_init_wrapperPv
                0x0000000000000000       0x33 app/libapp.a(test_battery_sense.cpp.obj)

.text._ZN7loragro19BatterySenseAdapter12is_connectedEv
                0x0000000000000000       0x6e
 .text._ZN7loragro19BatterySenseAdapter12is_connectedEv
                0x0000000000000000       0x6e app/libapp.a(test_battery_sense.cpp.obj)
                0x0000000000000000                loragro::BatterySenseAdapter::is_connected()

.text._ZN7loragro19BatterySenseAdapter6sampleEv
                0x0000000000000000       0xb1
 .text._ZN7loragro19BatterySenseAdapter6sampleEv
                0x0000000000000000       0xb1 app/libapp.a(test_battery_sense.cpp.obj)
                0x0000000000000000                loragro::BatterySenseAdapter::sample()

.text.chunk_size
                0x0000000000000000        0x8
 .text.chunk_size
                0x0000000000000000        0x8 zephyr/libzephyr.a(heap.c.obj)

.text.set_chunk_used
                0x0000000000000000       0x20
 .text.set_chunk_used
                0x0000000000000000       0x20 zephyr/libzephyr.a(heap.c.obj)

.text.free_list_add
                0x0000000000000000       0x7f
 .text.free_list_add
                0x0000000000000000       0x7f zephyr/libzephyr.a(heap.c.obj)

.text.sys_heap_init
                0x0000000000000000      0x1e2
 .text.sys_heap_init
                0x0000000000000000      0x1e2 zephyr/libzephyr.a(heap.c.obj)
                0x0000000000000000                sys_heap_init

.text.cbvprintf_package
                0x0000000000000000      0x538
 .text.cbvprintf_package
                0x0000000000000000      0x538 zephyr/libzephyr.a(cbprintf_packaged.c.obj)
                0x0000000000000000                cbvprintf_package

.text.cbpprintf_external
                0x0000000000000000       0x91
 .text.cbpprintf_external
                0x0000000000000000       0x91 zephyr/libzephyr.a(cbprintf_packaged.c.obj)
                0x0000000000000000                cbpprintf_external

.text.clock_offset_reset_rule_after
                0x0000000000000000       0xfa
 .text.clock_offset_reset_rule_after
                0x0000000000000000       0xfa zephyr/libzephyr.a(clock.c.obj)

.text.arch_printk_char_out
                0x0000000000000000        0x3
 .text.arch_printk_char_out
                0x0000000000000000        0x3 zephyr/libzephyr.a(printk.c.obj)
                0x0000000000000000                arch_printk_char_out

.text.__printk_hook_install
                0x0000000000000000        0xd
 .text.__printk_hook_install
                0x0000000000000000        0xd zephyr/libzephyr.a(printk.c.obj)
                0x0000000000000000                __printk_hook_install

.text.vprintk   0x0000000000000000        0x5
 .text.vprintk  0x0000000000000000        0x5 zephyr/libzephyr.a(printk.c.obj)
                0x0000000000000000                vprintk

.text.printk    0x0000000000000000       0x17
 .text.printk   0x0000000000000000       0x17 zephyr/libzephyr.a(printk.c.obj)
                0x0000000000000000                printk

.text.z_thread_entry
                0x0000000000000000       0x3a
 .text.z_thread_entry
                0x0000000000000000       0x3a zephyr/libzephyr.a(thread_entry.c.obj)
                0x0000000000000000                z_thread_entry

.text.outs      0x0000000000000000       0x4b
 .text.outs     0x0000000000000000       0x4b zephyr/libzephyr.a(cbprintf_complete.c.obj)

.text.extract_decimal
                0x0000000000000000       0x37
 .text.extract_decimal
                0x0000000000000000       0x37 zephyr/libzephyr.a(cbprintf_complete.c.obj)

.text.encode_uint
                0x0000000000000000       0xd9
 .text.encode_uint
                0x0000000000000000       0xd9 zephyr/libzephyr.a(cbprintf_complete.c.obj)

.text.z_cbvprintf_impl
                0x0000000000000000      0x7f1
 .text.z_cbvprintf_impl
                0x0000000000000000      0x7f1 zephyr/libzephyr.a(cbprintf_complete.c.obj)
                0x0000000000000000                z_cbvprintf_impl

.text.assert_print
                0x0000000000000000       0x17
 .text.assert_print
                0x0000000000000000       0x17 zephyr/libzephyr.a(assert.c.obj)
                0x0000000000000000                assert_print

.text.assert_post_action
                0x0000000000000000       0x2e
 .text.assert_post_action
                0x0000000000000000       0x2e zephyr/libzephyr.a(assert.c.obj)
                0x0000000000000000                assert_post_action

.text._ConfigAbsSyms
                0x0000000000000000        0x1
 .text._ConfigAbsSyms
                0x0000000000000000        0x1 zephyr/libzephyr.a(configs.c.obj)
                0x0000000000000000                _ConfigAbsSyms

.text.dummy_timestamp
                0x0000000000000000        0x3
 .text.dummy_timestamp
                0x0000000000000000        0x3 zephyr/libzephyr.a(log_core.c.obj)

.text.default_get_timestamp
                0x0000000000000000        0x5
 .text.default_get_timestamp
                0x0000000000000000        0x5 zephyr/libzephyr.a(log_core.c.obj)

.text.log_backend_is_active
                0x0000000000000000        0x7
 .text.log_backend_is_active
                0x0000000000000000        0x7 zephyr/libzephyr.a(log_core.c.obj)

.text.log_backend_is_ready
                0x0000000000000000       0x1a
 .text.log_backend_is_ready
                0x0000000000000000       0x1a zephyr/libzephyr.a(log_core.c.obj)

.text.z_log_init.isra.0
                0x0000000000000000      0x18d
 .text.z_log_init.isra.0
                0x0000000000000000      0x18d zephyr/libzephyr.a(log_core.c.obj)

.text.enable_logger
                0x0000000000000000       0x13
 .text.enable_logger
                0x0000000000000000       0x13 zephyr/libzephyr.a(log_core.c.obj)

.text.log_format_func_t_get
                0x0000000000000000        0xf
 .text.log_format_func_t_get
                0x0000000000000000        0xf zephyr/libzephyr.a(log_core.c.obj)
                0x0000000000000000                log_format_func_t_get

.text.z_log_vprintk
                0x0000000000000000       0x22
 .text.z_log_vprintk
                0x0000000000000000       0x22 zephyr/libzephyr.a(log_core.c.obj)
                0x0000000000000000                z_log_vprintk

.text.log_set_timestamp_func
                0x0000000000000000       0x2a
 .text.log_set_timestamp_func
                0x0000000000000000       0x2a zephyr/libzephyr.a(log_core.c.obj)
                0x0000000000000000                log_set_timestamp_func

.text.log_core_init
                0x0000000000000000       0xea
 .text.log_core_init
                0x0000000000000000       0xea zephyr/libzephyr.a(log_core.c.obj)
                0x0000000000000000                log_core_init

.text.z_impl_log_panic
                0x0000000000000000       0xf1
 .text.z_impl_log_panic
                0x0000000000000000       0xf1 zephyr/libzephyr.a(log_core.c.obj)
                0x0000000000000000                z_impl_log_panic

.text.z_log_notify_backend_enabled
                0x0000000000000000        0x1
 .text.z_log_notify_backend_enabled
                0x0000000000000000        0x1 zephyr/libzephyr.a(log_core.c.obj)
                0x0000000000000000                z_log_notify_backend_enabled

.text.z_log_dropped
                0x0000000000000000       0x1a
 .text.z_log_dropped
                0x0000000000000000       0x1a zephyr/libzephyr.a(log_core.c.obj)
                0x0000000000000000                z_log_dropped

.text.z_log_msg_commit
                0x0000000000000000       0xd2
 .text.z_log_msg_commit
                0x0000000000000000       0xd2 zephyr/libzephyr.a(log_core.c.obj)
                0x0000000000000000                z_log_msg_commit

.text.z_log_get_tag
                0x0000000000000000        0x3
 .text.z_log_get_tag
                0x0000000000000000        0x3 zephyr/libzephyr.a(log_core.c.obj)
                0x0000000000000000                z_log_get_tag

.text.log_source_name_get
                0x0000000000000000       0x24
 .text.log_source_name_get
                0x0000000000000000       0x24 zephyr/libzephyr.a(log_mgmt.c.obj)
                0x0000000000000000                log_source_name_get

.text.log_backend_enable
                0x0000000000000000       0x24
 .text.log_backend_enable
                0x0000000000000000       0x24 zephyr/libzephyr.a(log_mgmt.c.obj)
                0x0000000000000000                log_backend_enable

.text.z_log_msg_finalize
                0x0000000000000000       0x5a
 .text.z_log_msg_finalize
                0x0000000000000000       0x5a zephyr/libzephyr.a(log_msg.c.obj)
                0x0000000000000000                z_log_msg_finalize

.text.z_log_msg_runtime_vcreate
                0x0000000000000000      0x1b3
 .text.z_log_msg_runtime_vcreate
                0x0000000000000000      0x1b3 zephyr/libzephyr.a(log_msg.c.obj)
                0x0000000000000000                z_log_msg_runtime_vcreate

.text.z_log_msg_runtime_create.constprop.0
                0x0000000000000000       0x90
 .text.z_log_msg_runtime_create.constprop.0
                0x0000000000000000       0x24 zephyr/libzephyr.a(log_msg.c.obj)
 .text.z_log_msg_runtime_create.constprop.0
                0x0000000000000024       0x24 zephyr/drivers/adc/libdrivers__adc.a(adc_emul.c.obj)
 .text.z_log_msg_runtime_create.constprop.0
                0x0000000000000048       0x24 zephyr/drivers/gpio/libdrivers__gpio.a(gpio_emul.c.obj)
 .text.z_log_msg_runtime_create.constprop.0
                0x000000000000006c       0x24 zephyr/kernel/libkernel.a(fatal.c.obj)

.text.log_msg_get_source_id
                0x0000000000000000       0x20
 .text.log_msg_get_source_id
                0x0000000000000000       0x20 zephyr/libzephyr.a(log_msg.c.obj)
                0x0000000000000000                log_msg_get_source_id

.text.log_output_write
                0x0000000000000000       0x2c
 .text.log_output_write
                0x0000000000000000       0x2c zephyr/libzephyr.a(log_output.c.obj)

.text.out_func  0x0000000000000000       0x3f
 .text.out_func
                0x0000000000000000       0x3f zephyr/libzephyr.a(log_output.c.obj)

.text.cr_out_func
                0x0000000000000000       0x32
 .text.cr_out_func
                0x0000000000000000       0x32 zephyr/libzephyr.a(log_output.c.obj)

.text.cbvprintf
                0x0000000000000000       0x1e
 .text.cbvprintf
                0x0000000000000000       0x1e zephyr/libzephyr.a(log_output.c.obj)

.text.print_formatted
                0x0000000000000000       0x1f
 .text.print_formatted
                0x0000000000000000       0x1f zephyr/libzephyr.a(log_output.c.obj)

.text.log_output_process
                0x0000000000000000      0x3c1
 .text.log_output_process
                0x0000000000000000      0x3c1 zephyr/libzephyr.a(log_output.c.obj)
                0x0000000000000000                log_output_process

.text.log_output_msg_process
                0x0000000000000000       0x94
 .text.log_output_msg_process
                0x0000000000000000       0x94 zephyr/libzephyr.a(log_output.c.obj)
                0x0000000000000000                log_output_msg_process

.text.log_output_timestamp_freq_set
                0x0000000000000000       0x37
 .text.log_output_timestamp_freq_set
                0x0000000000000000       0x37 zephyr/libzephyr.a(log_output.c.obj)
                0x0000000000000000                log_output_timestamp_freq_set

.text.format_set
                0x0000000000000000        0xf
 .text.format_set
                0x0000000000000000        0xf zephyr/libzephyr.a(log_backend_native_posix.c.obj)

.text.char_out  0x0000000000000000       0x78
 .text.char_out
                0x0000000000000000       0x78 zephyr/libzephyr.a(log_backend_native_posix.c.obj)

.text.process   0x0000000000000000       0x25
 .text.process  0x0000000000000000       0x25 zephyr/libzephyr.a(log_backend_native_posix.c.obj)

.text.panic     0x0000000000000000       0x42
 .text.panic    0x0000000000000000       0x42 zephyr/libzephyr.a(log_backend_native_posix.c.obj)

.text.sys_trace_isr_enter
                0x0000000000000000        0x1
 .text.sys_trace_isr_enter
                0x0000000000000000        0x1 zephyr/libzephyr.a(tracing_none.c.obj)
                0x0000000000000000                sys_trace_isr_enter

.text.sys_trace_isr_exit
                0x0000000000000000        0x1
 .text.sys_trace_isr_exit
                0x0000000000000000        0x1 zephyr/libzephyr.a(tracing_none.c.obj)
                0x0000000000000000                sys_trace_isr_exit

.text.sys_trace_idle
                0x0000000000000000        0x1
 .text.sys_trace_idle
                0x0000000000000000        0x1 zephyr/libzephyr.a(tracing_none.c.obj)
                0x0000000000000000                sys_trace_idle

.text.arch_cpu_idle
                0x0000000000000000       0x16
 .text.arch_cpu_idle
                0x0000000000000000       0x16 zephyr/arch/arch/posix/core/libarch__posix__core.a(cpuhalt.c.obj)
                0x0000000000000000                arch_cpu_idle

.text.arch_system_halt
                0x0000000000000000       0x27
 .text.arch_system_halt
                0x0000000000000000       0x27 zephyr/arch/arch/posix/core/libarch__posix__core.a(fatal.c.obj)
                0x0000000000000000                arch_system_halt

.text.arch_irq_enable
                0x0000000000000000        0x5
 .text.arch_irq_enable
                0x0000000000000000        0x5 zephyr/arch/arch/posix/core/libarch__posix__core.a(irq.c.obj)
                0x0000000000000000                arch_irq_enable

.text.arch_swap
                0x0000000000000000       0x50
 .text.arch_swap
                0x0000000000000000       0x50 zephyr/arch/arch/posix/core/libarch__posix__core.a(swap.c.obj)
                0x0000000000000000                arch_swap

.text.arch_switch_to_main_thread
                0x0000000000000000       0x1c
 .text.arch_switch_to_main_thread
                0x0000000000000000       0x1c zephyr/arch/arch/posix/core/libarch__posix__core.a(swap.c.obj)
                0x0000000000000000                arch_switch_to_main_thread

.text.arch_new_thread
                0x0000000000000000       0x43
 .text.arch_new_thread
                0x0000000000000000       0x43 zephyr/arch/arch/posix/core/libarch__posix__core.a(thread.c.obj)
                0x0000000000000000                arch_new_thread

.text.arch_thread_name_set
                0x0000000000000000       0x64
 .text.arch_thread_name_set
                0x0000000000000000       0x64 zephyr/arch/arch/posix/core/libarch__posix__core.a(thread.c.obj)
                0x0000000000000000                arch_thread_name_set

.text.posix_arch_thread_entry
                0x0000000000000000       0x1d
 .text.posix_arch_thread_entry
                0x0000000000000000       0x1d zephyr/arch/arch/posix/core/libarch__posix__core.a(thread.c.obj)
                0x0000000000000000                posix_arch_thread_entry

.text.z_impl_k_thread_abort
                0x0000000000000000       0x84
 .text.z_impl_k_thread_abort
                0x0000000000000000       0x84 zephyr/arch/arch/posix/core/libarch__posix__core.a(thread.c.obj)
                0x0000000000000000                z_impl_k_thread_abort

.text.posix_arch_init
                0x0000000000000000       0x1a
 .text.posix_arch_init
                0x0000000000000000       0x1a zephyr/arch/arch/posix/core/libarch__posix__core.a(posix_core_nsi.c.obj)
                0x0000000000000000                posix_arch_init

.text.posix_arch_clean_up
                0x0000000000000000       0x16
 .text.posix_arch_clean_up
                0x0000000000000000       0x16 zephyr/arch/arch/posix/core/libarch__posix__core.a(posix_core_nsi.c.obj)
                0x0000000000000000                posix_arch_clean_up

.text.posix_swap
                0x0000000000000000       0x17
 .text.posix_swap
                0x0000000000000000       0x17 zephyr/arch/arch/posix/core/libarch__posix__core.a(posix_core_nsi.c.obj)
                0x0000000000000000                posix_swap

.text.posix_main_thread_start
                0x0000000000000000       0x19
 .text.posix_main_thread_start
                0x0000000000000000       0x19 zephyr/arch/arch/posix/core/libarch__posix__core.a(posix_core_nsi.c.obj)
                0x0000000000000000                posix_main_thread_start

.text.posix_new_thread
                0x0000000000000000       0x19
 .text.posix_new_thread
                0x0000000000000000       0x19 zephyr/arch/arch/posix/core/libarch__posix__core.a(posix_core_nsi.c.obj)
                0x0000000000000000                posix_new_thread

.text.posix_abort_thread
                0x0000000000000000       0x19
 .text.posix_abort_thread
                0x0000000000000000       0x19 zephyr/arch/arch/posix/core/libarch__posix__core.a(posix_core_nsi.c.obj)
                0x0000000000000000                posix_abort_thread

.text.posix_arch_thread_name_set
                0x0000000000000000       0x1c
 .text.posix_arch_thread_name_set
                0x0000000000000000       0x1c zephyr/arch/arch/posix/core/libarch__posix__core.a(posix_core_nsi.c.obj)
                0x0000000000000000                posix_arch_thread_name_set

.text.posix_is_cpu_running
                0x0000000000000000       0x16
 .text.posix_is_cpu_running
                0x0000000000000000       0x16 zephyr/soc/soc/native/libsoc__native__inf_clock.a(soc.c.obj)
                0x0000000000000000                posix_is_cpu_running

.text.posix_interrupt_raised
                0x0000000000000000       0x16
 .text.posix_interrupt_raised
                0x0000000000000000       0x16 zephyr/soc/soc/native/libsoc__native__inf_clock.a(soc.c.obj)
                0x0000000000000000                posix_interrupt_raised

.text.posix_halt_cpu
                0x0000000000000000       0x1a
 .text.posix_halt_cpu
                0x0000000000000000       0x1a zephyr/soc/soc/native/libsoc__native__inf_clock.a(soc.c.obj)
                0x0000000000000000                posix_halt_cpu

.text.posix_boot_cpu
                0x0000000000000000       0x2c
 .text.posix_boot_cpu
                0x0000000000000000       0x2c zephyr/soc/soc/native/libsoc__native__inf_clock.a(soc.c.obj)
                0x0000000000000000                posix_boot_cpu

.text.posix_soc_clean_up
                0x0000000000000000       0x28
 .text.posix_soc_clean_up
                0x0000000000000000       0x28 zephyr/soc/soc/native/libsoc__native__inf_clock.a(soc.c.obj)
                0x0000000000000000                posix_soc_clean_up

.text.run_native_tasks
                0x0000000000000000       0x29
 .text.run_native_tasks
                0x0000000000000000       0x29 zephyr/soc/soc/native/libsoc__native__inf_clock.a(native_tasks.c.obj)
                0x0000000000000000                run_native_tasks

.text.native_add_command_line_opts
                0x0000000000000000        0x5
 .text.native_add_command_line_opts
                0x0000000000000000        0x5 zephyr/boards/native/native_sim/libboards__native__native_sim.a(cmdline.c.obj)
                0x0000000000000000                native_add_command_line_opts

.text.posix_irq_handler
                0x0000000000000000      0x126
 .text.posix_irq_handler
                0x0000000000000000      0x126 zephyr/boards/native/native_sim/libboards__native__native_sim.a(irq_handler.c.obj)
                0x0000000000000000                posix_irq_handler

.text.posix_irq_lock
                0x0000000000000000       0x12
 .text.posix_irq_lock
                0x0000000000000000       0x12 zephyr/boards/native/native_sim/libboards__native__native_sim.a(irq_handler.c.obj)
                0x0000000000000000                posix_irq_lock

.text.posix_irq_unlock
                0x0000000000000000        0x5
 .text.posix_irq_unlock
                0x0000000000000000        0x5 zephyr/boards/native/native_sim/libboards__native__native_sim.a(irq_handler.c.obj)
                0x0000000000000000                posix_irq_unlock

.text.posix_irq_full_unlock
                0x0000000000000000       0x12
 .text.posix_irq_full_unlock
                0x0000000000000000       0x12 zephyr/boards/native/native_sim/libboards__native__native_sim.a(irq_handler.c.obj)
                0x0000000000000000                posix_irq_full_unlock

.text.posix_irq_enable
                0x0000000000000000        0x5
 .text.posix_irq_enable
                0x0000000000000000        0x5 zephyr/boards/native/native_sim/libboards__native__native_sim.a(irq_handler.c.obj)
                0x0000000000000000                posix_irq_enable

.text.posix_isr_declare
                0x0000000000000000       0x4c
 .text.posix_isr_declare
                0x0000000000000000       0x4c zephyr/boards/native/native_sim/libboards__native__native_sim.a(irq_handler.c.obj)
                0x0000000000000000                posix_isr_declare

.text.posix_irq_priority_set
                0x0000000000000000       0x21
 .text.posix_irq_priority_set
                0x0000000000000000       0x21 zephyr/boards/native/native_sim/libboards__native__native_sim.a(irq_handler.c.obj)
                0x0000000000000000                posix_irq_priority_set

.text.posix_exit
                0x0000000000000000        0xe
 .text.posix_exit
                0x0000000000000000        0xe zephyr/boards/native/native_sim/libboards__native__native_sim.a(posix_arch_if.c.obj)
                0x0000000000000000                posix_exit

.text.posix_print_error_and_exit
                0x0000000000000000       0x12
 .text.posix_print_error_and_exit
                0x0000000000000000       0x12 zephyr/boards/native/native_sim/libboards__native__native_sim.a(posix_arch_if.c.obj)
                0x0000000000000000                posix_print_error_and_exit

.text.posix_print_warning
                0x0000000000000000       0x17
 .text.posix_print_warning
                0x0000000000000000       0x17 zephyr/boards/native/native_sim/libboards__native__native_sim.a(posix_arch_if.c.obj)
                0x0000000000000000                posix_print_warning

.text.posix_print_trace
                0x0000000000000000       0x17
 .text.posix_print_trace
                0x0000000000000000       0x17 zephyr/boards/native/native_sim/libboards__native__native_sim.a(posix_arch_if.c.obj)
                0x0000000000000000                posix_print_trace

.text.run_test_rules
                0x0000000000000000       0x44
 .text.run_test_rules
                0x0000000000000000       0x44 zephyr/subsys/testsuite/ztest/libsubsys__testsuite__ztest.a(ztest.c.obj)

.text.ztest_find_test_suite
                0x0000000000000000       0x35
 .text.ztest_find_test_suite
                0x0000000000000000       0x35 zephyr/subsys/testsuite/ztest/libsubsys__testsuite__ztest.a(ztest.c.obj)

.text.test_cb   0x0000000000000000       0x5b
 .text.test_cb  0x0000000000000000       0x5b zephyr/subsys/testsuite/ztest/libsubsys__testsuite__ztest.a(ztest.c.obj)

.text.test_finalize
                0x0000000000000000       0x46
 .text.test_finalize
                0x0000000000000000       0x46 zephyr/subsys/testsuite/ztest/libsubsys__testsuite__ztest.a(ztest.c.obj)

.text.ztest_test_fail
                0x0000000000000000       0x5e
 .text.ztest_test_fail
                0x0000000000000000       0x5e zephyr/subsys/testsuite/ztest/libsubsys__testsuite__ztest.a(ztest.c.obj)
                0x0000000000000000                ztest_test_fail

.text.z_ztest_get_next_test
                0x0000000000000000       0x3d
 .text.z_ztest_get_next_test
                0x0000000000000000       0x3d zephyr/subsys/testsuite/ztest/libsubsys__testsuite__ztest.a(ztest.c.obj)
                0x0000000000000000                z_ztest_get_next_test

.text.z_ztest_run_test_suite_ptr.constprop.0
                0x0000000000000000      0x37a
 .text.z_ztest_run_test_suite_ptr.constprop.0
                0x0000000000000000      0x37a zephyr/subsys/testsuite/ztest/libsubsys__testsuite__ztest.a(ztest.c.obj)

.text.z_impl_ztest_run_test_suites
                0x0000000000000000       0x8a
 .text.z_impl_ztest_run_test_suites
                0x0000000000000000       0x8a zephyr/subsys/testsuite/ztest/libsubsys__testsuite__ztest.a(ztest.c.obj)
                0x0000000000000000                z_impl_ztest_run_test_suites

.text.ztest_verify_all_test_suites_ran
                0x0000000000000000       0xc5
 .text.ztest_verify_all_test_suites_ran
                0x0000000000000000       0xc5 zephyr/subsys/testsuite/ztest/libsubsys__testsuite__ztest.a(ztest.c.obj)
                0x0000000000000000                ztest_verify_all_test_suites_ran

.text.ztest_run_all
                0x0000000000000000       0x11
 .text.ztest_run_all
                0x0000000000000000       0x11 zephyr/subsys/testsuite/ztest/libsubsys__testsuite__ztest.a(ztest.c.obj)
                0x0000000000000000                ztest_run_all

.text.test_main
                0x0000000000000000       0x1c
 .text.test_main
                0x0000000000000000       0x1c zephyr/subsys/testsuite/ztest/libsubsys__testsuite__ztest.a(ztest.c.obj)
                0x0000000000000000                test_main

.text.main      0x0000000000000000      0x265
 .text.main     0x0000000000000000      0x265 zephyr/subsys/testsuite/ztest/libsubsys__testsuite__ztest.a(ztest.c.obj)
                0x0000000000000000                main

.text.add_test_filter_option
                0x0000000000000000       0x15
 .text.add_test_filter_option
                0x0000000000000000       0x15 zephyr/subsys/testsuite/ztest/libsubsys__testsuite__ztest.a(ztest_posix.c.obj)

.text.z_ztest_testargs_contains
                0x0000000000000000      0x141
 .text.z_ztest_testargs_contains
                0x0000000000000000      0x141 zephyr/subsys/testsuite/ztest/libsubsys__testsuite__ztest.a(ztest_posix.c.obj)

.text.z_ztest_should_test_run
                0x0000000000000000       0x2b
 .text.z_ztest_should_test_run
                0x0000000000000000       0x2b zephyr/subsys/testsuite/ztest/libsubsys__testsuite__ztest.a(ztest_posix.c.obj)
                0x0000000000000000                z_ztest_should_test_run

.text.z_ztest_should_suite_run
                0x0000000000000000       0x3d
 .text.z_ztest_should_suite_run
                0x0000000000000000       0x3d zephyr/subsys/testsuite/ztest/libsubsys__testsuite__ztest.a(ztest_posix.c.obj)
                0x0000000000000000                z_ztest_should_suite_run

.text.ztest_relative_filename
                0x0000000000000000       0x87
 .text.ztest_relative_filename
                0x0000000000000000       0x87 zephyr/subsys/testsuite/ztest/libsubsys__testsuite__ztest.a(ztest_posix.c.obj)
                0x0000000000000000                ztest_relative_filename

.text.z_ztest_list_tests
                0x0000000000000000       0x62
 .text.z_ztest_list_tests
                0x0000000000000000       0x62 zephyr/subsys/testsuite/ztest/libsubsys__testsuite__ztest.a(ztest_posix.c.obj)
                0x0000000000000000                z_ztest_list_tests

.text.z_ztest_run_all
                0x0000000000000000       0x36
 .text.z_ztest_run_all
                0x0000000000000000       0x36 zephyr/subsys/testsuite/ztest/libsubsys__testsuite__ztest.a(ztest_posix.c.obj)
                0x0000000000000000                z_ztest_run_all

.text.adc_gain_invert
                0x0000000000000000       0xaa
 .text.adc_gain_invert
                0x0000000000000000       0xaa zephyr/drivers/adc/libdrivers__adc.a(adc_common.c.obj)
                0x0000000000000000                adc_gain_invert

.text.k_sem_give
                0x0000000000000000       0x11
 .text.k_sem_give
                0x0000000000000000       0x11 zephyr/drivers/adc/libdrivers__adc.a(adc_emul.c.obj)

.text.k_mutex_lock.constprop.0.isra.0
                0x0000000000000000       0x17
 .text.k_mutex_lock.constprop.0.isra.0
                0x0000000000000000       0x17 zephyr/drivers/adc/libdrivers__adc.a(adc_emul.c.obj)

.text.k_mutex_unlock.isra.0
                0x0000000000000000       0x11
 .text.k_mutex_unlock.isra.0
                0x0000000000000000       0x11 zephyr/drivers/adc/libdrivers__adc.a(adc_emul.c.obj)

.text.adc_emul_get_ref_voltage
                0x0000000000000000       0x8e
 .text.adc_emul_get_ref_voltage
                0x0000000000000000       0x8e zephyr/drivers/adc/libdrivers__adc.a(adc_emul.c.obj)

.text.adc_emul_channel_setup
                0x0000000000000000       0xab
 .text.adc_emul_channel_setup
                0x0000000000000000       0xab zephyr/drivers/adc/libdrivers__adc.a(adc_emul.c.obj)

.text.adc_emul_init
                0x0000000000000000       0xab
 .text.adc_emul_init
                0x0000000000000000       0xab zephyr/drivers/adc/libdrivers__adc.a(adc_emul.c.obj)

.text.adc_emul_read
                0x0000000000000000      0x1b8
 .text.adc_emul_read
                0x0000000000000000      0x1b8 zephyr/drivers/adc/libdrivers__adc.a(adc_emul.c.obj)

.text.adc_context_on_timer_expired
                0x0000000000000000       0x3a
 .text.adc_context_on_timer_expired
                0x0000000000000000       0x3a zephyr/drivers/adc/libdrivers__adc.a(adc_emul.c.obj)

.text.adc_emul_acquisition_thread
                0x0000000000000000      0x266
 .text.adc_emul_acquisition_thread
                0x0000000000000000      0x266 zephyr/drivers/adc/libdrivers__adc.a(adc_emul.c.obj)

.text.adc_emul_const_raw_value_set
                0x0000000000000000       0x75
 .text.adc_emul_const_raw_value_set
                0x0000000000000000       0x75 zephyr/drivers/adc/libdrivers__adc.a(adc_emul.c.obj)
                0x0000000000000000                adc_emul_const_raw_value_set

.text.posix_arch_console_init
                0x0000000000000000       0x17
 .text.posix_arch_console_init
                0x0000000000000000       0x17 zephyr/drivers/console/libdrivers__console.a(posix_arch_console.c.obj)

.text.print_char
                0x0000000000000000       0x66
 .text.print_char
                0x0000000000000000       0x66 zephyr/drivers/console/libdrivers__console.a(posix_arch_console.c.obj)

.text.get_input_pins
                0x0000000000000000       0x35
 .text.get_input_pins
                0x0000000000000000       0x35 zephyr/drivers/gpio/libdrivers__gpio.a(gpio_emul.c.obj)

.text.gpio_emul_gen_interrupt_bits
                0x0000000000000000      0x128
 .text.gpio_emul_gen_interrupt_bits
                0x0000000000000000      0x128 zephyr/drivers/gpio/libdrivers__gpio.a(gpio_emul.c.obj)

.text.gpio_emul_get_pending_int
                0x0000000000000000        0xe
 .text.gpio_emul_get_pending_int
                0x0000000000000000        0xe zephyr/drivers/gpio/libdrivers__gpio.a(gpio_emul.c.obj)

.text.gpio_emul_init
                0x0000000000000000       0x1b
 .text.gpio_emul_init
                0x0000000000000000       0x1b zephyr/drivers/gpio/libdrivers__gpio.a(gpio_emul.c.obj)

.text.gpio_emul_manage_callback
                0x0000000000000000      0x109
 .text.gpio_emul_manage_callback
                0x0000000000000000      0x109 zephyr/drivers/gpio/libdrivers__gpio.a(gpio_emul.c.obj)

.text.gpio_emul_port_get_raw
                0x0000000000000000      0x10e
 .text.gpio_emul_port_get_raw
                0x0000000000000000      0x10e zephyr/drivers/gpio/libdrivers__gpio.a(gpio_emul.c.obj)

.text.gpio_fire_callbacks.isra.0
                0x0000000000000000       0x8a
 .text.gpio_fire_callbacks.isra.0
                0x0000000000000000       0x8a zephyr/drivers/gpio/libdrivers__gpio.a(gpio_emul.c.obj)

.text.gpio_emul_pin_interrupt_configure
                0x0000000000000000      0x2a7
 .text.gpio_emul_pin_interrupt_configure
                0x0000000000000000      0x2a7 zephyr/drivers/gpio/libdrivers__gpio.a(gpio_emul.c.obj)

.text.gpio_emul_pend_interrupt
                0x0000000000000000      0x196
 .text.gpio_emul_pend_interrupt
                0x0000000000000000      0x196 zephyr/drivers/gpio/libdrivers__gpio.a(gpio_emul.c.obj)

.text.get_output_pins
                0x0000000000000000       0x35
 .text.get_output_pins
                0x0000000000000000       0x35 zephyr/drivers/gpio/libdrivers__gpio.a(gpio_emul.c.obj)

.text.gpio_emul_input_set_masked_int
                0x0000000000000000       0x7c
 .text.gpio_emul_input_set_masked_int
                0x0000000000000000       0x7c zephyr/drivers/gpio/libdrivers__gpio.a(gpio_emul.c.obj)
                0x0000000000000000                gpio_emul_input_set_masked_int

.text.gpio_emul_port_toggle_bits
                0x0000000000000000      0x168
 .text.gpio_emul_port_toggle_bits
                0x0000000000000000      0x168 zephyr/drivers/gpio/libdrivers__gpio.a(gpio_emul.c.obj)

.text.gpio_emul_port_clear_bits_raw
                0x0000000000000000      0x1a5
 .text.gpio_emul_port_clear_bits_raw
                0x0000000000000000      0x1a5 zephyr/drivers/gpio/libdrivers__gpio.a(gpio_emul.c.obj)

.text.gpio_emul_port_set_bits_raw
                0x0000000000000000      0x1a3
 .text.gpio_emul_port_set_bits_raw
                0x0000000000000000      0x1a3 zephyr/drivers/gpio/libdrivers__gpio.a(gpio_emul.c.obj)

.text.gpio_emul_port_set_masked_raw
                0x0000000000000000      0x1c0
 .text.gpio_emul_port_set_masked_raw
                0x0000000000000000      0x1c0 zephyr/drivers/gpio/libdrivers__gpio.a(gpio_emul.c.obj)

.text.gpio_emul_pin_configure
                0x0000000000000000      0x2f9
 .text.gpio_emul_pin_configure
                0x0000000000000000      0x2f9 zephyr/drivers/gpio/libdrivers__gpio.a(gpio_emul.c.obj)

.text.np_timer_isr
                0x0000000000000000       0x85
 .text.np_timer_isr
                0x0000000000000000       0x85 zephyr/drivers/timer/libdrivers__timer.a(native_sim_timer.c.obj)

.text.sys_clock_driver_init
                0x0000000000000000       0x6a
 .text.sys_clock_driver_init
                0x0000000000000000       0x6a zephyr/drivers/timer/libdrivers__timer.a(native_sim_timer.c.obj)

.text.sys_clock_cycle_get_32
                0x0000000000000000        0x6
 .text.sys_clock_cycle_get_32
                0x0000000000000000        0x6 zephyr/drivers/timer/libdrivers__timer.a(native_sim_timer.c.obj)
                0x0000000000000000                sys_clock_cycle_get_32

.text.sys_clock_set_timeout
                0x0000000000000000       0x34
 .text.sys_clock_set_timeout
                0x0000000000000000       0x34 zephyr/drivers/timer/libdrivers__timer.a(native_sim_timer.c.obj)
                0x0000000000000000                sys_clock_set_timeout

.text.sys_clock_elapsed
                0x0000000000000000       0x3d
 .text.sys_clock_elapsed
                0x0000000000000000       0x3d zephyr/drivers/timer/libdrivers__timer.a(native_sim_timer.c.obj)
                0x0000000000000000                sys_clock_elapsed

.text.z_device_state_init
                0x0000000000000000       0x61
 .text.z_device_state_init
                0x0000000000000000       0x61 zephyr/kernel/libkernel.a(device.c.obj)
                0x0000000000000000                z_device_state_init

.text.z_impl_device_is_ready
                0x0000000000000000       0x24
 .text.z_impl_device_is_ready
                0x0000000000000000       0x24 zephyr/kernel/libkernel.a(device.c.obj)
                0x0000000000000000                z_impl_device_is_ready

.text.k_sys_fatal_error_handler
                0x0000000000000000       0x30
 .text.k_sys_fatal_error_handler
                0x0000000000000000       0x30 zephyr/kernel/libkernel.a(fatal.c.obj)
                0x0000000000000000                k_sys_fatal_error_handler

.text.z_fatal_error
                0x0000000000000000       0xb7
 .text.z_fatal_error
                0x0000000000000000       0xb7 zephyr/kernel/libkernel.a(fatal.c.obj)
                0x0000000000000000                z_fatal_error

.text.do_device_init
                0x0000000000000000       0x41
 .text.do_device_init
                0x0000000000000000       0x41 zephyr/kernel/libkernel.a(init.c.obj)

.text.z_sys_init_run_level
                0x0000000000000000       0x36
 .text.z_sys_init_run_level
                0x0000000000000000       0x36 zephyr/kernel/libkernel.a(init.c.obj)

.text.bg_thread_main
                0x0000000000000000      0x16c
 .text.bg_thread_main
                0x0000000000000000      0x16c zephyr/kernel/libkernel.a(init.c.obj)

.text.z_init_cpu
                0x0000000000000000       0x68
 .text.z_init_cpu
                0x0000000000000000       0x68 zephyr/kernel/libkernel.a(init.c.obj)
                0x0000000000000000                z_init_cpu

.text.z_cstart  0x0000000000000000       0xc2
 .text.z_cstart
                0x0000000000000000       0xc2 zephyr/kernel/libkernel.a(init.c.obj)
                0x0000000000000000                z_cstart

.text.idle      0x0000000000000000       0x58
 .text.idle     0x0000000000000000       0x58 zephyr/kernel/libkernel.a(idle.c.obj)
                0x0000000000000000                idle

.text.adjust_owner_prio.isra.0
                0x0000000000000000       0x1d
 .text.adjust_owner_prio.isra.0
                0x0000000000000000       0x1d zephyr/kernel/libkernel.a(mutex.c.obj)

.text.z_impl_k_mutex_init
                0x0000000000000000       0x1d
 .text.z_impl_k_mutex_init
                0x0000000000000000       0x1d zephyr/kernel/libkernel.a(mutex.c.obj)
                0x0000000000000000                z_impl_k_mutex_init

.text.z_impl_k_mutex_lock
                0x0000000000000000      0x289
 .text.z_impl_k_mutex_lock
                0x0000000000000000      0x289 zephyr/kernel/libkernel.a(mutex.c.obj)
                0x0000000000000000                z_impl_k_mutex_lock

.text.z_impl_k_mutex_unlock
                0x0000000000000000      0x2d9
 .text.z_impl_k_mutex_unlock
                0x0000000000000000      0x2d9 zephyr/kernel/libkernel.a(mutex.c.obj)
                0x0000000000000000                z_impl_k_mutex_unlock

.text.unpend_thread_no_timeout
                0x0000000000000000       0xd5
 .text.unpend_thread_no_timeout
                0x0000000000000000       0x73 zephyr/kernel/libkernel.a(sem.c.obj)
 .text.unpend_thread_no_timeout
                0x0000000000000073       0x62 zephyr/kernel/libkernel.a(sched.c.obj)

.text.z_impl_k_sem_init
                0x0000000000000000       0x2a
 .text.z_impl_k_sem_init
                0x0000000000000000       0x2a zephyr/kernel/libkernel.a(sem.c.obj)
                0x0000000000000000                z_impl_k_sem_init

.text.z_impl_k_sem_give
                0x0000000000000000      0x1aa
 .text.z_impl_k_sem_give
                0x0000000000000000      0x1aa zephyr/kernel/libkernel.a(sem.c.obj)
                0x0000000000000000                z_impl_k_sem_give

.text.z_impl_k_sem_take
                0x0000000000000000      0x1ad
 .text.z_impl_k_sem_take
                0x0000000000000000      0x1ad zephyr/kernel/libkernel.a(sem.c.obj)
                0x0000000000000000                z_impl_k_sem_take

.text.k_is_in_isr
                0x0000000000000000        0xb
 .text.k_is_in_isr
                0x0000000000000000        0xb zephyr/kernel/libkernel.a(thread.c.obj)
                0x0000000000000000                k_is_in_isr

.text.z_impl_k_thread_name_set
                0x0000000000000000       0x3b
 .text.z_impl_k_thread_name_set
                0x0000000000000000       0x3b zephyr/kernel/libkernel.a(thread.c.obj)
                0x0000000000000000                z_impl_k_thread_name_set

.text.k_thread_name_get
                0x0000000000000000        0xb
 .text.k_thread_name_get
                0x0000000000000000        0xb zephyr/kernel/libkernel.a(thread.c.obj)
                0x0000000000000000                k_thread_name_get

.text.z_setup_new_thread
                0x0000000000000000      0x11c
 .text.z_setup_new_thread
                0x0000000000000000      0x11c zephyr/kernel/libkernel.a(thread.c.obj)
                0x0000000000000000                z_setup_new_thread

.text.z_impl_k_thread_create
                0x0000000000000000       0xcc
 .text.z_impl_k_thread_create
                0x0000000000000000       0xcc zephyr/kernel/libkernel.a(thread.c.obj)
                0x0000000000000000                z_impl_k_thread_create

.text.z_dummy_thread_init
                0x0000000000000000       0x24
 .text.z_dummy_thread_init
                0x0000000000000000       0x24 zephyr/kernel/libkernel.a(thread.c.obj)
                0x0000000000000000                z_dummy_thread_init

.text.sys_dlist_remove
                0x0000000000000000       0x18
 .text.sys_dlist_remove
                0x0000000000000000       0x18 zephyr/kernel/libkernel.a(sched.c.obj)

.text.ready_thread
                0x0000000000000000      0x155
 .text.ready_thread
                0x0000000000000000      0x155 zephyr/kernel/libkernel.a(sched.c.obj)

.text.unready_thread
                0x0000000000000000       0xee
 .text.unready_thread
                0x0000000000000000       0xee zephyr/kernel/libkernel.a(sched.c.obj)

.text.add_to_waitq_locked
                0x0000000000000000       0x5e
 .text.add_to_waitq_locked
                0x0000000000000000       0x5e zephyr/kernel/libkernel.a(sched.c.obj)

.text.move_thread_to_end_of_prio_q
                0x0000000000000000      0x17d
 .text.move_thread_to_end_of_prio_q
                0x0000000000000000      0x17d zephyr/kernel/libkernel.a(sched.c.obj)
                0x0000000000000000                move_thread_to_end_of_prio_q

.text.z_ready_thread
                0x0000000000000000       0xf6
 .text.z_ready_thread
                0x0000000000000000       0xf6 zephyr/kernel/libkernel.a(sched.c.obj)
                0x0000000000000000                z_ready_thread

.text.z_unpend_thread_no_timeout
                0x0000000000000000       0xfc
 .text.z_unpend_thread_no_timeout
                0x0000000000000000       0xfc zephyr/kernel/libkernel.a(sched.c.obj)
                0x0000000000000000                z_unpend_thread_no_timeout

.text.z_sched_wake_thread
                0x0000000000000000      0x110
 .text.z_sched_wake_thread
                0x0000000000000000      0x110 zephyr/kernel/libkernel.a(sched.c.obj)
                0x0000000000000000                z_sched_wake_thread

.text.z_thread_timeout
                0x0000000000000000       0x19
 .text.z_thread_timeout
                0x0000000000000000       0x19 zephyr/kernel/libkernel.a(sched.c.obj)
                0x0000000000000000                z_thread_timeout

.text.z_pend_curr
                0x0000000000000000      0x1ad
 .text.z_pend_curr
                0x0000000000000000      0x1ad zephyr/kernel/libkernel.a(sched.c.obj)
                0x0000000000000000                z_pend_curr

.text.z_unpend1_no_timeout
                0x0000000000000000      0x110
 .text.z_unpend1_no_timeout
                0x0000000000000000      0x110 zephyr/kernel/libkernel.a(sched.c.obj)
                0x0000000000000000                z_unpend1_no_timeout

.text.z_thread_prio_set
                0x0000000000000000      0x296
 .text.z_thread_prio_set
                0x0000000000000000      0x296 zephyr/kernel/libkernel.a(sched.c.obj)
                0x0000000000000000                z_thread_prio_set

.text.z_reschedule
                0x0000000000000000       0xf4
 .text.z_reschedule
                0x0000000000000000       0xf4 zephyr/kernel/libkernel.a(sched.c.obj)
                0x0000000000000000                z_reschedule

.text.z_reschedule_irqlock
                0x0000000000000000       0x34
 .text.z_reschedule_irqlock
                0x0000000000000000       0x34 zephyr/kernel/libkernel.a(sched.c.obj)
                0x0000000000000000                z_reschedule_irqlock

.text.k_sched_lock
                0x0000000000000000      0x194
 .text.k_sched_lock
                0x0000000000000000      0x194 zephyr/kernel/libkernel.a(sched.c.obj)
                0x0000000000000000                k_sched_lock

.text.k_sched_unlock
                0x0000000000000000      0x1e2
 .text.k_sched_unlock
                0x0000000000000000      0x1e2 zephyr/kernel/libkernel.a(sched.c.obj)
                0x0000000000000000                k_sched_unlock

.text.z_sched_init
                0x0000000000000000       0x15
 .text.z_sched_init
                0x0000000000000000       0x15 zephyr/kernel/libkernel.a(sched.c.obj)
                0x0000000000000000                z_sched_init

.text.z_impl_k_yield
                0x0000000000000000      0x1dc
 .text.z_impl_k_yield
                0x0000000000000000      0x1dc zephyr/kernel/libkernel.a(sched.c.obj)
                0x0000000000000000                z_impl_k_yield

.text.z_tick_sleep
                0x0000000000000000      0x1af
 .text.z_tick_sleep
                0x0000000000000000      0x1af zephyr/kernel/libkernel.a(sched.c.obj)

.text.z_impl_k_sleep
                0x0000000000000000       0xaf
 .text.z_impl_k_sleep
                0x0000000000000000       0xaf zephyr/kernel/libkernel.a(sched.c.obj)
                0x0000000000000000                z_impl_k_sleep

.text.z_impl_k_wakeup
                0x0000000000000000      0x129
 .text.z_impl_k_wakeup
                0x0000000000000000      0x129 zephyr/kernel/libkernel.a(sched.c.obj)
                0x0000000000000000                z_impl_k_wakeup

.text.z_impl_k_sched_current_thread_query
                0x0000000000000000        0x6
 .text.z_impl_k_sched_current_thread_query
                0x0000000000000000        0x6 zephyr/kernel/libkernel.a(sched.c.obj)
                0x0000000000000000                z_impl_k_sched_current_thread_query

.text.z_thread_abort
                0x0000000000000000      0x397
 .text.z_thread_abort
                0x0000000000000000      0x397 zephyr/kernel/libkernel.a(sched.c.obj)
                0x0000000000000000                z_thread_abort

.text.z_impl_k_thread_join
                0x0000000000000000      0x22a
 .text.z_impl_k_thread_join
                0x0000000000000000      0x22a zephyr/kernel/libkernel.a(sched.c.obj)
                0x0000000000000000                z_impl_k_thread_join

.text.slice_timeout
                0x0000000000000000       0x80
 .text.slice_timeout
                0x0000000000000000       0x80 zephyr/kernel/libkernel.a(timeslicing.c.obj)

.text.thread_is_sliceable
                0x0000000000000000       0x3f
 .text.thread_is_sliceable
                0x0000000000000000       0x3f zephyr/kernel/libkernel.a(timeslicing.c.obj)
                0x0000000000000000                thread_is_sliceable

.text.z_reset_time_slice
                0x0000000000000000       0x53
 .text.z_reset_time_slice
                0x0000000000000000       0x53 zephyr/kernel/libkernel.a(timeslicing.c.obj)
                0x0000000000000000                z_reset_time_slice

.text.z_time_slice
                0x0000000000000000      0x138
 .text.z_time_slice
                0x0000000000000000      0x138 zephyr/kernel/libkernel.a(timeslicing.c.obj)
                0x0000000000000000                z_time_slice

.text.z_spin_lock_valid
                0x0000000000000000       0x21
 .text.z_spin_lock_valid
                0x0000000000000000       0x21 zephyr/kernel/libkernel.a(spinlock_validate.c.obj)
                0x0000000000000000                z_spin_lock_valid

.text.z_spin_unlock_valid
                0x0000000000000000       0x39
 .text.z_spin_unlock_valid
                0x0000000000000000       0x39 zephyr/kernel/libkernel.a(spinlock_validate.c.obj)
                0x0000000000000000                z_spin_unlock_valid

.text.z_spin_lock_set_owner
                0x0000000000000000       0x17
 .text.z_spin_lock_set_owner
                0x0000000000000000       0x17 zephyr/kernel/libkernel.a(spinlock_validate.c.obj)
                0x0000000000000000                z_spin_lock_set_owner

.text.first     0x0000000000000000        0xf
 .text.first    0x0000000000000000        0xf zephyr/kernel/libkernel.a(timeout.c.obj)

.text.next_timeout
                0x0000000000000000       0x53
 .text.next_timeout
                0x0000000000000000       0x53 zephyr/kernel/libkernel.a(timeout.c.obj)

.text.elapsed   0x0000000000000000       0x11
 .text.elapsed  0x0000000000000000       0x11 zephyr/kernel/libkernel.a(timeout.c.obj)

.text.remove_timeout
                0x0000000000000000       0x3d
 .text.remove_timeout
                0x0000000000000000       0x3d zephyr/kernel/libkernel.a(timeout.c.obj)

.text.z_add_timeout
                0x0000000000000000      0x2d5
 .text.z_add_timeout
                0x0000000000000000      0x2d5 zephyr/kernel/libkernel.a(timeout.c.obj)
                0x0000000000000000                z_add_timeout

.text.z_abort_timeout
                0x0000000000000000      0x143
 .text.z_abort_timeout
                0x0000000000000000      0x143 zephyr/kernel/libkernel.a(timeout.c.obj)
                0x0000000000000000                z_abort_timeout

.text.sys_clock_announce
                0x0000000000000000      0x216
 .text.sys_clock_announce
                0x0000000000000000      0x216 zephyr/kernel/libkernel.a(timeout.c.obj)
                0x0000000000000000                sys_clock_announce

.text.sys_clock_tick_get
                0x0000000000000000      0x110
 .text.sys_clock_tick_get
                0x0000000000000000      0x110 zephyr/kernel/libkernel.a(timeout.c.obj)
                0x0000000000000000                sys_clock_tick_get

.text.sys_clock_tick_get_32
                0x0000000000000000        0xd
 .text.sys_clock_tick_get_32
                0x0000000000000000        0xd zephyr/kernel/libkernel.a(timeout.c.obj)
                0x0000000000000000                sys_clock_tick_get_32

.text.z_impl_k_uptime_ticks
                0x0000000000000000        0x5
 .text.z_impl_k_uptime_ticks
                0x0000000000000000        0x5 zephyr/kernel/libkernel.a(timeout.c.obj)
                0x0000000000000000                z_impl_k_uptime_ticks

.text.z_timer_expiration_handler
                0x0000000000000000      0x2d3
 .text.z_timer_expiration_handler
                0x0000000000000000      0x2d3 zephyr/kernel/libkernel.a(timer.c.obj)
                0x0000000000000000                z_timer_expiration_handler

.text.z_impl_k_timer_start
                0x0000000000000000      0x186
 .text.z_impl_k_timer_start
                0x0000000000000000      0x186 zephyr/kernel/libkernel.a(timer.c.obj)
                0x0000000000000000                z_impl_k_timer_start

.text.z_impl_k_timer_stop
                0x0000000000000000       0x5c
 .text.z_impl_k_timer_stop
                0x0000000000000000       0x5c zephyr/kernel/libkernel.a(timer.c.obj)
                0x0000000000000000                z_impl_k_timer_stop

.text.k_thread_system_pool_assign
                0x0000000000000000        0xf
 .text.k_thread_system_pool_assign
                0x0000000000000000        0xf zephyr/kernel/libkernel.a(mempool.c.obj)
                0x0000000000000000                k_thread_system_pool_assign

.text.boot_banner
                0x0000000000000000       0x15
 .text.boot_banner
                0x0000000000000000       0x15 zephyr/kernel/libkernel.a(banner.c.obj)
                0x0000000000000000                boot_banner

.text.k_heap_init
                0x0000000000000000       0x1c
 .text.k_heap_init
                0x0000000000000000       0x1c zephyr/kernel/libkernel.a(kheap.c.obj)
                0x0000000000000000                k_heap_init

.text.statics_init
                0x0000000000000000       0x77
 .text.statics_init
                0x0000000000000000       0x77 zephyr/kernel/libkernel.a(kheap.c.obj)

.native_sim_if  0x0000000000000077       0x8f
 *(SORT_BY_ALIGNMENT(.native_sim_if))
 .native_sim_if
                0x0000000000000077       0x5c zephyr/boards/native/native_sim/libboards__native__native_sim.a(nsi_if.c.obj)
                0x0000000000000077                nsif_cpu0_pre_cmdline_hooks
                0x0000000000000089                nsif_cpu0_pre_hw_init_hooks
                0x000000000000009b                nsif_cpu0_boot
                0x00000000000000bf                nsif_cpu0_cleanup
                0x00000000000000ce                nsif_cpu0_irq_raised
 .native_sim_if
                0x00000000000000d3       0x33 zephyr/boards/native/native_sim/libboards__native__native_sim.a(irq_handler.c.obj)
                0x00000000000000d3                nsif_cpu0_irq_raised_from_sw
 *(SORT_BY_ALIGNMENT(.native_sim_if.*))

.fini
 *(SORT_NONE(.fini))

.rodata
 *(SORT_BY_ALIGNMENT(.rodata))

.rodata._ZNK7loragro19BatterySenseAdapter7getNameEv.str1.1
                0x0000000000000000       0x16
 .rodata._ZNK7loragro19BatterySenseAdapter7getNameEv.str1.1
                0x0000000000000000       0x16 app/libapp.a(test_battery_sense.cpp.obj)

.rodata.z_zassert.constprop.0.str1.1
                0x0000000000000000       0x52
 .rodata.z_zassert.constprop.0.str1.1
                0x0000000000000000       0x52 app/libapp.a(test_battery_sense.cpp.obj)

.rodata._ZL45_battery_sense_suite_test_sample_ramp_wrapperPv.str1.1
                0x0000000000000000       0xaf
 .rodata._ZL45_battery_sense_suite_test_sample_ramp_wrapperPv.str1.1
                0x0000000000000000       0xaf app/libapp.a(test_battery_sense.cpp.obj)

.rodata._ZL62_battery_sense_suite_test_sample_returns_valid_voltage_wrapperPv.str1.1
                0x0000000000000000       0x79
 .rodata._ZL62_battery_sense_suite_test_sample_returns_valid_voltage_wrapperPv.str1.1
                0x0000000000000000       0x79 app/libapp.a(test_battery_sense.cpp.obj)

.rodata._ZL19battery_suite_setupv.str1.1
                0x0000000000000000       0x26
 .rodata._ZL19battery_suite_setupv.str1.1
                0x0000000000000000       0x26 app/libapp.a(test_battery_sense.cpp.obj)

.rodata._ZL46_battery_sense_suite_test_is_connected_wrapperPv.str1.1
                0x0000000000000000       0x40
 .rodata._ZL46_battery_sense_suite_test_is_connected_wrapperPv.str1.1
                0x0000000000000000       0x40 app/libapp.a(test_battery_sense.cpp.obj)

.rodata._ZL38_battery_sense_suite_test_init_wrapperPv.str1.1
                0x0000000000000000       0x41
 .rodata._ZL38_battery_sense_suite_test_init_wrapperPv.str1.1
                0x0000000000000000       0x41 app/libapp.a(test_battery_sense.cpp.obj)

.rodata._ZTVN7loragro19BatterySenseAdapterE
                0x0000000000000000       0x28
 .rodata._ZTVN7loragro19BatterySenseAdapterE
                0x0000000000000000       0x28 app/libapp.a(test_battery_sense.cpp.obj)
                0x0000000000000000                vtable for loragro::BatterySenseAdapter

.rodata.str1.1  0x0000000000000000      0x262
 .rodata.str1.1
                0x0000000000000000       0x63 app/libapp.a(test_battery_sense.cpp.obj)
 .rodata.str1.1
                0x0000000000000063       0x11 zephyr/libzephyr.a(cbprintf_packaged.c.obj)
 .rodata.str1.1
                0x0000000000000074        0x4 zephyr/libzephyr.a(log_core.c.obj)
 .rodata.str1.1
                0x0000000000000078        0x9 zephyr/libzephyr.a(log_mgmt.c.obj)
 .rodata.str1.1
                0x0000000000000081       0x20 zephyr/libzephyr.a(log_output.c.obj)
 .rodata.str1.1
                0x00000000000000a1       0x19 zephyr/libzephyr.a(log_backend_native_posix.c.obj)
 .rodata.str1.1
                0x00000000000000ba       0x35 zephyr/boards/native/native_sim/libboards__native__native_sim.a(irq_handler.c.obj)
 .rodata.str1.1
                0x00000000000000ef       0x3a zephyr/subsys/testsuite/ztest/libsubsys__testsuite__ztest.a(ztest.c.obj)
 .rodata.str1.1
                0x0000000000000129       0xd5 zephyr/subsys/testsuite/ztest/libsubsys__testsuite__ztest.a(ztest_posix.c.obj)
 .rodata.str1.1
                0x00000000000001fe        0xd zephyr/drivers/adc/libdrivers__adc.a(adc_emul.c.obj)
 .rodata.str1.1
                0x000000000000020b        0xa zephyr/drivers/gpio/libdrivers__gpio.a(gpio_emul.c.obj)
 .rodata.str1.1
                0x0000000000000215       0x4a zephyr/kernel/libkernel.a(fatal.c.obj)
 .rodata.str1.1
                0x000000000000025f        0x3 zephyr/kernel/libkernel.a(init.c.obj)

.rodata.sys_heap_free.str1.1
                0x0000000000000000      0x119
 .rodata.sys_heap_free.str1.1
                0x0000000000000000      0x119 zephyr/libzephyr.a(heap.c.obj)

.rodata.sys_heap_init.str1.1
                0x0000000000000000       0xbb
 .rodata.sys_heap_init.str1.1
                0x0000000000000000       0xbb zephyr/libzephyr.a(heap.c.obj)

.rodata.cbvprintf_package.str1.1
                0x0000000000000000       0xe2
 .rodata.cbvprintf_package.str1.1
                0x0000000000000000       0xe2 zephyr/libzephyr.a(cbprintf_packaged.c.obj)

.rodata.cbvprintf_package
                0x0000000000000000       0xbc
 .rodata.cbvprintf_package
                0x0000000000000000       0xbc zephyr/libzephyr.a(cbprintf_packaged.c.obj)

.rodata.clock_offset_reset_rule_after.str1.1
                0x0000000000000000       0xcf
 .rodata.clock_offset_reset_rule_after.str1.1
                0x0000000000000000       0xcf zephyr/libzephyr.a(clock.c.obj)

.rodata.z_thread_entry.str1.1
                0x0000000000000000       0x57
 .rodata.z_thread_entry.str1.1
                0x0000000000000000       0x57 zephyr/libzephyr.a(thread_entry.c.obj)

.rodata.z_cbvprintf_impl.str1.1
                0x0000000000000000        0x6
 .rodata.z_cbvprintf_impl.str1.1
                0x0000000000000000        0x6 zephyr/libzephyr.a(cbprintf_complete.c.obj)

.rodata.z_cbvprintf_impl
                0x0000000000000000       0xc0
 .rodata.z_cbvprintf_impl
                0x0000000000000000       0xc0 zephyr/libzephyr.a(cbprintf_complete.c.obj)

.rodata.assert_post_action.str1.1
                0x0000000000000000       0x35
 .rodata.assert_post_action.str1.1
                0x0000000000000000       0x35 zephyr/libzephyr.a(assert.c.obj)

.rodata.z_log_init.isra.0.str1.1
                0x0000000000000000       0xe8
 .rodata.z_log_init.isra.0.str1.1
                0x0000000000000000       0xe8 zephyr/libzephyr.a(log_core.c.obj)

.rodata.log_core_init.str1.1
                0x0000000000000000       0x58
 .rodata.log_core_init.str1.1
                0x0000000000000000       0x58 zephyr/libzephyr.a(log_core.c.obj)

.rodata.format_table
                0x0000000000000000       0x10
 .rodata.format_table
                0x0000000000000000       0x10 zephyr/libzephyr.a(log_core.c.obj)

.rodata.z_log_msg_runtime_vcreate.str1.1
                0x0000000000000000       0xb9
 .rodata.z_log_msg_runtime_vcreate.str1.1
                0x0000000000000000       0xb9 zephyr/libzephyr.a(log_msg.c.obj)

.rodata.log_output_process.str1.1
                0x0000000000000000       0xe4
 .rodata.log_output_process.str1.1
                0x0000000000000000       0xe4 zephyr/libzephyr.a(log_output.c.obj)

.rodata.colors  0x0000000000000000       0x14
 .rodata.colors
                0x0000000000000000       0x14 zephyr/libzephyr.a(log_output.c.obj)

.rodata.severity
                0x0000000000000000       0x14
 .rodata.severity
                0x0000000000000000       0x14 zephyr/libzephyr.a(log_output.c.obj)

.rodata.char_out.str1.1
                0x0000000000000000        0x4
 .rodata.char_out.str1.1
                0x0000000000000000        0x4 zephyr/libzephyr.a(log_backend_native_posix.c.obj)

.rodata.log_backend_native_posix_api
                0x0000000000000000       0x1c
 .rodata.log_backend_native_posix_api
                0x0000000000000000       0x1c zephyr/libzephyr.a(log_backend_native_posix.c.obj)
                0x0000000000000000                log_backend_native_posix_api

.rodata.log_output_posix
                0x0000000000000000       0x10
 .rodata.log_output_posix
                0x0000000000000000       0x10 zephyr/libzephyr.a(log_backend_native_posix.c.obj)

.rodata.arch_system_halt.str1.1
                0x0000000000000000       0x75
 .rodata.arch_system_halt.str1.1
                0x0000000000000000       0x75 zephyr/arch/arch/posix/core/libarch__posix__core.a(fatal.c.obj)

.rodata.arch_thread_name_set.str1.1
                0x0000000000000000        0x3
 .rodata.arch_thread_name_set.str1.1
                0x0000000000000000        0x3 zephyr/arch/arch/posix/core/libarch__posix__core.a(thread.c.obj)

.rodata.z_impl_k_thread_abort.str1.1
                0x0000000000000000       0x77
 .rodata.z_impl_k_thread_abort.str1.1
                0x0000000000000000       0x77 zephyr/arch/arch/posix/core/libarch__posix__core.a(thread.c.obj)

.rodata.native_pre_tasks.0
                0x0000000000000000       0x18
 .rodata.native_pre_tasks.0
                0x0000000000000000       0x18 zephyr/soc/soc/native/libsoc__native__inf_clock.a(native_tasks.c.obj)

.rodata.posix_irq_handler.str1.1
                0x0000000000000000       0x2e
 .rodata.posix_irq_handler.str1.1
                0x0000000000000000       0x2e zephyr/boards/native/native_sim/libboards__native__native_sim.a(irq_handler.c.obj)

.rodata.posix_isr_declare.str1.1
                0x0000000000000000       0x32
 .rodata.posix_isr_declare.str1.1
                0x0000000000000000       0x32 zephyr/boards/native/native_sim/libboards__native__native_sim.a(irq_handler.c.obj)

.rodata.__func__.1
                0x0000000000000000       0x1d
 .rodata.__func__.1
                0x0000000000000000       0x1d zephyr/boards/native/native_sim/libboards__native__native_sim.a(irq_handler.c.obj)

.rodata.test_finalize.str1.1
                0x0000000000000000       0x64
 .rodata.test_finalize.str1.1
                0x0000000000000000       0x64 zephyr/subsys/testsuite/ztest/libsubsys__testsuite__ztest.a(ztest.c.obj)

.rodata.ztest_test_fail.str1.1
                0x0000000000000000       0x3d
 .rodata.ztest_test_fail.str1.1
                0x0000000000000000       0x3d zephyr/subsys/testsuite/ztest/libsubsys__testsuite__ztest.a(ztest.c.obj)

.rodata.z_ztest_run_test_suite_ptr.constprop.0.str1.1
                0x0000000000000000       0xb2
 .rodata.z_ztest_run_test_suite_ptr.constprop.0.str1.1
                0x0000000000000000       0xb2 zephyr/subsys/testsuite/ztest/libsubsys__testsuite__ztest.a(ztest.c.obj)

.rodata.ztest_verify_all_test_suites_ran.str1.1
                0x0000000000000000       0x7c
 .rodata.ztest_verify_all_test_suites_ran.str1.1
                0x0000000000000000       0x7c zephyr/subsys/testsuite/ztest/libsubsys__testsuite__ztest.a(ztest.c.obj)

.rodata.main.str1.1
                0x0000000000000000      0x183
 .rodata.main.str1.1
                0x0000000000000000      0x183 zephyr/subsys/testsuite/ztest/libsubsys__testsuite__ztest.a(ztest.c.obj)

.rodata.CSWTCH.37
                0x0000000000000000       0x18
 .rodata.CSWTCH.37
                0x0000000000000000       0x18 zephyr/subsys/testsuite/ztest/libsubsys__testsuite__ztest.a(ztest.c.obj)

.rodata.CSWTCH.33
                0x0000000000000000       0x10
 .rodata.CSWTCH.33
                0x0000000000000000       0x10 zephyr/subsys/testsuite/ztest/libsubsys__testsuite__ztest.a(ztest.c.obj)

.rodata.z_ztest_testargs_contains.str1.1
                0x0000000000000000       0x75
 .rodata.z_ztest_testargs_contains.str1.1
                0x0000000000000000       0x75 zephyr/subsys/testsuite/ztest/libsubsys__testsuite__ztest.a(ztest_posix.c.obj)

.rodata.z_ztest_list_tests.str1.1
                0x0000000000000000        0x8
 .rodata.z_ztest_list_tests.str1.1
                0x0000000000000000        0x8 zephyr/subsys/testsuite/ztest/libsubsys__testsuite__ztest.a(ztest_posix.c.obj)

.rodata.ztest_api
                0x0000000000000000        0xc
 .rodata.ztest_api
                0x0000000000000000        0xc zephyr/subsys/testsuite/ztest/libsubsys__testsuite__ztest.a(ztest_posix.c.obj)
                0x0000000000000000                ztest_api

.rodata.adc_gain_invert.str1.1
                0x0000000000000000       0x93
 .rodata.adc_gain_invert.str1.1
                0x0000000000000000       0x93 zephyr/drivers/adc/libdrivers__adc.a(adc_common.c.obj)

.rodata.gains   0x0000000000000000       0x2a
 .rodata.gains  0x0000000000000000       0x2a zephyr/drivers/adc/libdrivers__adc.a(adc_common.c.obj)

.rodata.adc_emul_get_ref_voltage
                0x0000000000000000       0x1c
 .rodata.adc_emul_get_ref_voltage
                0x0000000000000000       0x1c zephyr/drivers/adc/libdrivers__adc.a(adc_emul.c.obj)

.rodata.adc_emul_channel_setup.str1.1
                0x0000000000000000       0x5d
 .rodata.adc_emul_channel_setup.str1.1
                0x0000000000000000       0x5d zephyr/drivers/adc/libdrivers__adc.a(adc_emul.c.obj)

.rodata.adc_emul_read.str1.1
                0x0000000000000000       0x55
 .rodata.adc_emul_read.str1.1
                0x0000000000000000       0x55 zephyr/drivers/adc/libdrivers__adc.a(adc_emul.c.obj)

.rodata.adc_emul_acquisition_thread.str1.1
                0x0000000000000000       0x62
 .rodata.adc_emul_acquisition_thread.str1.1
                0x0000000000000000       0x62 zephyr/drivers/adc/libdrivers__adc.a(adc_emul.c.obj)

.rodata.adc_emul_const_value_set.str1.1
                0x0000000000000000       0x17
 .rodata.adc_emul_const_value_set.str1.1
                0x0000000000000000       0x17 zephyr/drivers/adc/libdrivers__adc.a(adc_emul.c.obj)

.rodata.adc_emul_config_0
                0x0000000000000000        0x1
 .rodata.adc_emul_config_0
                0x0000000000000000        0x1 zephyr/drivers/adc/libdrivers__adc.a(adc_emul.c.obj)

.rodata.print_char.str1.1
                0x0000000000000000        0x4
 .rodata.print_char.str1.1
                0x0000000000000000        0x4 zephyr/drivers/console/libdrivers__console.a(posix_arch_console.c.obj)

.rodata.gpio_emul_manage_callback.str1.1
                0x0000000000000000       0xc8
 .rodata.gpio_emul_manage_callback.str1.1
                0x0000000000000000       0xc8 zephyr/drivers/gpio/libdrivers__gpio.a(gpio_emul.c.obj)

.rodata.gpio_emul_port_get_raw.str1.1
                0x0000000000000000       0x8d
 .rodata.gpio_emul_port_get_raw.str1.1
                0x0000000000000000       0x8d zephyr/drivers/gpio/libdrivers__gpio.a(gpio_emul.c.obj)

.rodata.gpio_fire_callbacks.isra.0.str1.1
                0x0000000000000000        0xc
 .rodata.gpio_fire_callbacks.isra.0.str1.1
                0x0000000000000000        0xc zephyr/drivers/gpio/libdrivers__gpio.a(gpio_emul.c.obj)

.rodata.gpio_emul_input_set_masked_int.str1.1
                0x0000000000000000       0x4f
 .rodata.gpio_emul_input_set_masked_int.str1.1
                0x0000000000000000       0x4f zephyr/drivers/gpio/libdrivers__gpio.a(gpio_emul.c.obj)

.rodata.gpio_emul_port_toggle_bits.str1.1
                0x0000000000000000       0x3d
 .rodata.gpio_emul_port_toggle_bits.str1.1
                0x0000000000000000       0x3d zephyr/drivers/gpio/libdrivers__gpio.a(gpio_emul.c.obj)

.rodata.gpio_emul_config_0
                0x0000000000000000        0xc
 .rodata.gpio_emul_config_0
                0x0000000000000000        0xc zephyr/drivers/gpio/libdrivers__gpio.a(gpio_emul.c.obj)

.rodata.cst16   0x0000000000000000       0x60
 .rodata.cst16  0x0000000000000000       0x10 zephyr/drivers/timer/libdrivers__timer.a(native_sim_timer.c.obj)
 .rodata.cst16  0x0000000000000010       0x20 zephyr/kernel/libkernel.a(timeout.c.obj)
 .rodata.cst16  0x0000000000000030       0x30 zephyr/kernel/libkernel.a(timer.c.obj)

.rodata.z_device_state_init.str1.1
                0x0000000000000000       0xa5
 .rodata.z_device_state_init.str1.1
                0x0000000000000000       0xa5 zephyr/kernel/libkernel.a(device.c.obj)

.rodata.k_sys_fatal_error_handler.str1.1
                0x0000000000000000        0xf
 .rodata.k_sys_fatal_error_handler.str1.1
                0x0000000000000000        0xf zephyr/kernel/libkernel.a(fatal.c.obj)

.rodata.z_fatal_error.str1.1
                0x0000000000000000       0x56
 .rodata.z_fatal_error.str1.1
                0x0000000000000000       0x56 zephyr/kernel/libkernel.a(fatal.c.obj)

.rodata.CSWTCH.9
                0x0000000000000000       0x14
 .rodata.CSWTCH.9
                0x0000000000000000       0x14 zephyr/kernel/libkernel.a(fatal.c.obj)

.rodata.bg_thread_main.str1.1
                0x0000000000000000       0xb8
 .rodata.bg_thread_main.str1.1
                0x0000000000000000       0xb8 zephyr/kernel/libkernel.a(init.c.obj)

.rodata.z_init_cpu.str1.1
                0x0000000000000000        0x5
 .rodata.z_init_cpu.str1.1
                0x0000000000000000        0x5 zephyr/kernel/libkernel.a(init.c.obj)

.rodata.z_cstart.str1.1
                0x0000000000000000        0x5
 .rodata.z_cstart.str1.1
                0x0000000000000000        0x5 zephyr/kernel/libkernel.a(init.c.obj)

.rodata.levels.0
                0x0000000000000000       0x18
 .rodata.levels.0
                0x0000000000000000       0x18 zephyr/kernel/libkernel.a(init.c.obj)

.rodata.idle.str1.1
                0x0000000000000000       0x94
 .rodata.idle.str1.1
                0x0000000000000000       0x94 zephyr/kernel/libkernel.a(idle.c.obj)

.rodata.z_impl_k_mutex_lock.str1.1
                0x0000000000000000      0x131
 .rodata.z_impl_k_mutex_lock.str1.1
                0x0000000000000000      0x131 zephyr/kernel/libkernel.a(mutex.c.obj)

.rodata.z_impl_k_mutex_unlock.str1.1
                0x0000000000000000       0x7d
 .rodata.z_impl_k_mutex_unlock.str1.1
                0x0000000000000000       0x7d zephyr/kernel/libkernel.a(mutex.c.obj)

.rodata.unpend_thread_no_timeout.str1.1
                0x0000000000000000       0xd8
 .rodata.unpend_thread_no_timeout.str1.1
                0x0000000000000000       0x8d zephyr/kernel/libkernel.a(sem.c.obj)
 .rodata.unpend_thread_no_timeout.str1.1
                0x000000000000008d       0x4b zephyr/kernel/libkernel.a(sched.c.obj)

.rodata.z_impl_k_sem_give.str1.1
                0x0000000000000000       0xa8
 .rodata.z_impl_k_sem_give.str1.1
                0x0000000000000000       0xa8 zephyr/kernel/libkernel.a(sem.c.obj)

.rodata.z_impl_k_sem_take.str1.1
                0x0000000000000000       0x76
 .rodata.z_impl_k_sem_take.str1.1
                0x0000000000000000       0x76 zephyr/kernel/libkernel.a(sem.c.obj)

.rodata.z_setup_new_thread.str1.1
                0x0000000000000000      0x11f
 .rodata.z_setup_new_thread.str1.1
                0x0000000000000000      0x11f zephyr/kernel/libkernel.a(thread.c.obj)

.rodata.z_impl_k_thread_create.str1.1
                0x0000000000000000       0x37
 .rodata.z_impl_k_thread_create.str1.1
                0x0000000000000000       0x37 zephyr/kernel/libkernel.a(thread.c.obj)

.rodata.ready_thread.str1.1
                0x0000000000000000       0xed
 .rodata.ready_thread.str1.1
                0x0000000000000000       0xed zephyr/kernel/libkernel.a(sched.c.obj)

.rodata.z_ready_thread.str1.1
                0x0000000000000000       0x8d
 .rodata.z_ready_thread.str1.1
                0x0000000000000000       0x8d zephyr/kernel/libkernel.a(sched.c.obj)

.rodata.z_impl_k_thread_suspend.str1.1
                0x0000000000000000        0x9
 .rodata.z_impl_k_thread_suspend.str1.1
                0x0000000000000000        0x9 zephyr/kernel/libkernel.a(sched.c.obj)

.rodata.z_pend_curr.str1.1
                0x0000000000000000       0x39
 .rodata.z_pend_curr.str1.1
                0x0000000000000000       0x39 zephyr/kernel/libkernel.a(sched.c.obj)

.rodata.k_sched_lock.str1.1
                0x0000000000000000       0x43
 .rodata.k_sched_lock.str1.1
                0x0000000000000000       0x43 zephyr/kernel/libkernel.a(sched.c.obj)

.rodata.k_sched_unlock.str1.1
                0x0000000000000000       0x31
 .rodata.k_sched_unlock.str1.1
                0x0000000000000000       0x31 zephyr/kernel/libkernel.a(sched.c.obj)

.rodata.z_thread_abort.str1.1
                0x0000000000000000       0x56
 .rodata.z_thread_abort.str1.1
                0x0000000000000000       0x56 zephyr/kernel/libkernel.a(sched.c.obj)

.rodata.z_impl_k_thread_join.str1.1
                0x0000000000000000       0x15
 .rodata.z_impl_k_thread_join.str1.1
                0x0000000000000000       0x15 zephyr/kernel/libkernel.a(sched.c.obj)

.rodata.slice_timeout.str1.1
                0x0000000000000000      0x224
 .rodata.slice_timeout.str1.1
                0x0000000000000000      0x224 zephyr/kernel/libkernel.a(timeslicing.c.obj)

.rodata.k_sched_time_slice_set.str1.1
                0x0000000000000000       0x8d
 .rodata.k_sched_time_slice_set.str1.1
                0x0000000000000000       0x8d zephyr/kernel/libkernel.a(timeslicing.c.obj)

.rodata.z_add_timeout.str1.1
                0x0000000000000000      0x11f
 .rodata.z_add_timeout.str1.1
                0x0000000000000000      0x11f zephyr/kernel/libkernel.a(timeout.c.obj)

.rodata.z_timer_expiration_handler.str1.1
                0x0000000000000000       0xcf
 .rodata.z_timer_expiration_handler.str1.1
                0x0000000000000000       0xcf zephyr/kernel/libkernel.a(timer.c.obj)

.rodata.boot_banner.str1.1
                0x0000000000000000       0x28
 .rodata.boot_banner.str1.1
                0x0000000000000000       0x28 zephyr/kernel/libkernel.a(banner.c.obj)

.rodata.z_heap_alloc_helper.str1.1
                0x0000000000000000      0x142
 .rodata.z_heap_alloc_helper.str1.1
                0x0000000000000000      0x142 zephyr/kernel/libkernel.a(kheap.c.obj)

.rodata.statics_init.str1.1
                0x0000000000000000       0x38
 .rodata.statics_init.str1.1
                0x0000000000000000       0x38 zephyr/kernel/libkernel.a(kheap.c.obj)

.rodata1
 *(SORT_BY_ALIGNMENT(.rodata1))

.eh_frame_hdr
 *(SORT_BY_ALIGNMENT(.eh_frame_hdr))

.eh_frame
 *(SORT_BY_ALIGNMENT(.eh_frame))

.gcc_except_table
 *(SORT_BY_ALIGNMENT(.gcc_except_table))

.gnu_extab
 *(SORT_BY_ALIGNMENT(.gnu_extab*))

.exception_ranges
 *(SORT_BY_ALIGNMENT(.exception_ranges))

.eh_frame
 *(SORT_BY_ALIGNMENT(.eh_frame))

.gnu_extab
 *(SORT_BY_ALIGNMENT(.gnu_extab))

.gcc_except_table
 *(SORT_BY_ALIGNMENT(.gcc_except_table))

.exception_ranges
 *(SORT_BY_ALIGNMENT(.exception_ranges))

.tdata
 *(SORT_BY_ALIGNMENT(.tdata))

.tbss
 *(SORT_BY_ALIGNMENT(.tbss))

.jcr
 *(SORT_BY_ALIGNMENT(.jcr))

.dynamic
 *(SORT_BY_ALIGNMENT(.dynamic))

.got
 *(SORT_BY_ALIGNMENT(.got))

.got.plt
 *(SORT_BY_ALIGNMENT(.got.plt))

.data
 *(SORT_BY_ALIGNMENT(.data))
LOAD zephyr/CMakeFiles/zephyr_pre0.dir/misc/empty_file.c.obj
LOAD zephyr/CMakeFiles/offsets.dir/./arch/posix/core/offsets/offsets.c.obj
LOAD app/libapp.a
LOAD zephyr/libzephyr.a
LOAD zephyr/arch/arch/posix/core/libarch__posix__core.a
LOAD zephyr/soc/soc/native/libsoc__native__inf_clock.a
LOAD zephyr/boards/native/native_sim/libboards__native__native_sim.a
LOAD zephyr/subsys/testsuite/ztest/libsubsys__testsuite__ztest.a
LOAD zephyr/drivers/adc/libdrivers__adc.a
LOAD zephyr/drivers/console/libdrivers__console.a
LOAD zephyr/drivers/gpio/libdrivers__gpio.a
LOAD zephyr/drivers/regulator/libdrivers__regulator.a
LOAD zephyr/drivers/timer/libdrivers__timer.a
LOAD zephyr/kernel/libkernel.a

.data._ZZN7loragro19BatterySenseAdapter6sampleEvE8fake_raw
                0x0000000000000000        0x4
 .data._ZZN7loragro19BatterySenseAdapter6sampleEvE8fake_raw
                0x0000000000000000        0x4 app/libapp.a(test_battery_sense.cpp.obj)
                0x0000000000000000                loragro::BatterySenseAdapter::sample()::fake_raw

.data._char_out
                0x0000000000000000        0x4
 .data._char_out
                0x0000000000000000        0x4 zephyr/libzephyr.a(printk.c.obj)

.data.timestamp_func
                0x0000000000000000        0x4
 .data.timestamp_func
                0x0000000000000000        0x4 zephyr/libzephyr.a(log_core.c.obj)

.data.currently_running_irq
                0x0000000000000000        0x4
 .data.currently_running_irq
                0x0000000000000000        0x4 zephyr/boards/native/native_sim/libboards__native__native_sim.a(irq_handler.c.obj)

.data.cur_phase
                0x0000000000000000        0x4
 .data.cur_phase
                0x0000000000000000        0x4 zephyr/subsys/testsuite/ztest/libsubsys__testsuite__ztest.a(ztest.c.obj)
                0x0000000000000000                cur_phase

.data.list_once.0
                0x0000000000000000        0x1
 .data.list_once.0
                0x0000000000000000        0x1 zephyr/subsys/testsuite/ztest/libsubsys__testsuite__ztest.a(ztest_posix.c.obj)

.data.test_filter_s.1
                0x0000000000000000       0x54
 .data.test_filter_s.1
                0x0000000000000000       0x54 zephyr/subsys/testsuite/ztest/libsubsys__testsuite__ztest.a(ztest_posix.c.obj)

.data.adc_emul_data_0
                0x0000000000000000      0x334
 .data.adc_emul_data_0
                0x0000000000000000      0x334 zephyr/drivers/adc/libdrivers__adc.a(adc_emul.c.obj)

.data.gpio_emul_data_0
                0x0000000000000000       0x24
 .data.gpio_emul_data_0
                0x0000000000000000       0x24 zephyr/drivers/gpio/libdrivers__gpio.a(gpio_emul.c.obj)

.data.slice_ticks
                0x0000000000000000        0x4
 .data.slice_ticks
                0x0000000000000000        0x4 zephyr/kernel/libkernel.a(timeslicing.c.obj)

.data.timeout_list
                0x0000000000000000        0x8
 .data.timeout_list
                0x0000000000000000        0x8 zephyr/kernel/libkernel.a(timeout.c.obj)

.native_sim_if.data
 *(SORT_BY_ALIGNMENT(.native_sim_if.data))

rom_start

initlevel       0x0000000000000008       0x30
                0x0000000000000008                __init_start = .
                0x0000000000000008                __init_EARLY_start = .
 *(SORT_BY_NAME(SORT_BY_ALIGNMENT(.z_init_EARLY_P_?_*)))
 *(SORT_BY_NAME(SORT_BY_ALIGNMENT(.z_init_EARLY_P_??_*)))
 *(SORT_BY_NAME(SORT_BY_ALIGNMENT(.z_init_EARLY_P_???_*)))
                0x0000000000000008                __init_PRE_KERNEL_1_start = .
 *(SORT_BY_NAME(SORT_BY_ALIGNMENT(.z_init_PRE_KERNEL_1_P_?_*)))
 *(SORT_BY_NAME(SORT_BY_ALIGNMENT(.z_init_PRE_KERNEL_1_P_??_*)))
 .z_init_PRE_KERNEL_1_P_30_SUB_0_
                0x0000000000000008        0x8 zephyr/kernel/libkernel.a(kheap.c.obj)
 .z_init_PRE_KERNEL_1_P_99_SUB_0_
                0x0000000000000010        0x8 zephyr/drivers/console/libdrivers__console.a(posix_arch_console.c.obj)
 *(SORT_BY_NAME(SORT_BY_ALIGNMENT(.z_init_PRE_KERNEL_1_P_???_*)))
                0x0000000000000018                __init_PRE_KERNEL_2_start = .
 *(SORT_BY_NAME(SORT_BY_ALIGNMENT(.z_init_PRE_KERNEL_2_P_?_*)))
 .z_init_PRE_KERNEL_2_P_0_SUB_0_
                0x0000000000000018        0x8 zephyr/drivers/timer/libdrivers__timer.a(native_sim_timer.c.obj)
 *(SORT_BY_NAME(SORT_BY_ALIGNMENT(.z_init_PRE_KERNEL_2_P_??_*)))
 *(SORT_BY_NAME(SORT_BY_ALIGNMENT(.z_init_PRE_KERNEL_2_P_???_*)))
                0x0000000000000020                __init_POST_KERNEL_start = .
 *(SORT_BY_NAME(SORT_BY_ALIGNMENT(.z_init_POST_KERNEL_P_?_*)))
 .z_init_POST_KERNEL_P_0_SUB_0_
                0x0000000000000020        0x8 zephyr/libzephyr.a(log_core.c.obj)
 *(SORT_BY_NAME(SORT_BY_ALIGNMENT(.z_init_POST_KERNEL_P_??_*)))
 .z_init_POST_KERNEL_P_40_SUB_00034_
                0x0000000000000028        0x8 zephyr/drivers/gpio/libdrivers__gpio.a(gpio_emul.c.obj)
 .z_init_POST_KERNEL_P_80_SUB_00022_
                0x0000000000000030        0x8 zephyr/drivers/adc/libdrivers__adc.a(adc_emul.c.obj)
 *(SORT_BY_NAME(SORT_BY_ALIGNMENT(.z_init_POST_KERNEL_P_???_*)))
                0x0000000000000038                __init_APPLICATION_start = .
 *(SORT_BY_NAME(SORT_BY_ALIGNMENT(.z_init_APPLICATION_P_?_*)))
 *(SORT_BY_NAME(SORT_BY_ALIGNMENT(.z_init_APPLICATION_P_??_*)))
 *(SORT_BY_NAME(SORT_BY_ALIGNMENT(.z_init_APPLICATION_P_???_*)))
                0x0000000000000038                __init_SMP_start = .
 *(SORT_BY_NAME(SORT_BY_ALIGNMENT(.z_init_SMP_P_?_*)))
 *(SORT_BY_NAME(SORT_BY_ALIGNMENT(.z_init_SMP_P_??_*)))
 *(SORT_BY_NAME(SORT_BY_ALIGNMENT(.z_init_SMP_P_???_*)))
                0x0000000000000038                __init_end = .

device_area     0x0000000000000038       0x40
                0x0000000000000038                _device_list_start = .
 *(SORT_BY_NAME(SORT_BY_ALIGNMENT(._device.static.*_?_*)))
 *(SORT_BY_NAME(SORT_BY_ALIGNMENT(._device.static.*_??_*)))
 ._device.static.3_40_
                0x0000000000000038       0x20 zephyr/drivers/gpio/libdrivers__gpio.a(gpio_emul.c.obj)
                0x0000000000000038                __device_dts_ord_34
 ._device.static.3_80_
                0x0000000000000058       0x20 zephyr/drivers/adc/libdrivers__adc.a(adc_emul.c.obj)
                0x0000000000000058                __device_dts_ord_22
 *(SORT_BY_NAME(SORT_BY_ALIGNMENT(._device.static.*_???_*)))
 *(SORT_BY_NAME(SORT_BY_ALIGNMENT(._device.static.*_????_*)))
 *(SORT_BY_NAME(SORT_BY_ALIGNMENT(._device.static.*_?????_*)))
                0x0000000000000078                _device_list_end = .

initlevel_error
                0x0000000000000078        0x0
 *(SORT_BY_NAME(SORT_BY_ALIGNMENT(.z_init_*)))
                0x0000000000000001                ASSERT ((SIZEOF (initlevel_error) == 0x0), Undefined initialization levels used.)

app_shmem_regions
                0x0000000000000078        0x0
                0x0000000000000078                __app_shmem_regions_start = .
 *(SORT_BY_NAME(SORT_BY_ALIGNMENT(.app_regions.*)))
                0x0000000000000078                __app_shmem_regions_end = .

k_p4wq_initparam_area
                0x0000000000000078        0x0
                0x0000000000000078                _k_p4wq_initparam_list_start = .
 *(SORT_BY_NAME(SORT_BY_ALIGNMENT(._k_p4wq_initparam.static.*)))
                0x0000000000000078                _k_p4wq_initparam_list_end = .

_static_thread_data_area
                0x0000000000000078        0x0
                0x0000000000000078                __static_thread_data_list_start = .
 *(SORT_BY_NAME(SORT_BY_ALIGNMENT(.__static_thread_data.static.*)))
                0x0000000000000078                __static_thread_data_list_end = .

device_deps     0x0000000000000078        0x0
                0x0000000000000078                __device_deps_start = .
 *(SORT_BY_NAME(SORT_BY_ALIGNMENT(.__device_deps_pass2*)))
                0x0000000000000078                __device_deps_end = .

adc_driver_api_area
                0x0000000000000078        0xc
                0x0000000000000078                _adc_driver_api_list_start = .
 *(SORT_BY_NAME(SORT_BY_ALIGNMENT(._adc_driver_api.static.*)))
 ._adc_driver_api.static.adc_emul_api_0_
                0x0000000000000078        0xc zephyr/drivers/adc/libdrivers__adc.a(adc_emul.c.obj)
                0x0000000000000084                _adc_driver_api_list_end = .

gpio_driver_api_area
                0x0000000000000084       0x24
                0x0000000000000084                _gpio_driver_api_list_start = .
 *(SORT_BY_NAME(SORT_BY_ALIGNMENT(._gpio_driver_api.static.*)))
 ._gpio_driver_api.static.gpio_emul_driver_
                0x0000000000000084       0x24 zephyr/drivers/gpio/libdrivers__gpio.a(gpio_emul.c.obj)
                0x00000000000000a8                _gpio_driver_api_list_end = .

shared_irq_driver_api_area
                0x00000000000000a8        0x0
                0x00000000000000a8                _shared_irq_driver_api_list_start = .
 *(SORT_BY_NAME(SORT_BY_ALIGNMENT(._shared_irq_driver_api.static.*)))
                0x00000000000000a8                _shared_irq_driver_api_list_end = .

crypto_driver_api_area
                0x00000000000000a8        0x0
                0x00000000000000a8                _crypto_driver_api_list_start = .
 *(SORT_BY_NAME(SORT_BY_ALIGNMENT(._crypto_driver_api.static.*)))
                0x00000000000000a8                _crypto_driver_api_list_end = .

auxdisplay_driver_api_area
                0x00000000000000a8        0x0
                0x00000000000000a8                _auxdisplay_driver_api_list_start = .
 *(SORT_BY_NAME(SORT_BY_ALIGNMENT(._auxdisplay_driver_api.static.*)))
                0x00000000000000a8                _auxdisplay_driver_api_list_end = .

bbram_driver_api_area
                0x00000000000000a8        0x0
                0x00000000000000a8                _bbram_driver_api_list_start = .
 *(SORT_BY_NAME(SORT_BY_ALIGNMENT(._bbram_driver_api.static.*)))
                0x00000000000000a8                _bbram_driver_api_list_end = .

bt_hci_driver_api_area
                0x00000000000000a8        0x0
                0x00000000000000a8                _bt_hci_driver_api_list_start = .
 *(SORT_BY_NAME(SORT_BY_ALIGNMENT(._bt_hci_driver_api.static.*)))
                0x00000000000000a8                _bt_hci_driver_api_list_end = .

can_driver_api_area
                0x00000000000000a8        0x0
                0x00000000000000a8                _can_driver_api_list_start = .
 *(SORT_BY_NAME(SORT_BY_ALIGNMENT(._can_driver_api.static.*)))
                0x00000000000000a8                _can_driver_api_list_end = .

cellular_driver_api_area
                0x00000000000000a8        0x0
                0x00000000000000a8                _cellular_driver_api_list_start = .
 *(SORT_BY_NAME(SORT_BY_ALIGNMENT(._cellular_driver_api.static.*)))
                0x00000000000000a8                _cellular_driver_api_list_end = .

charger_driver_api_area
                0x00000000000000a8        0x0
                0x00000000000000a8                _charger_driver_api_list_start = .
 *(SORT_BY_NAME(SORT_BY_ALIGNMENT(._charger_driver_api.static.*)))
                0x00000000000000a8                _charger_driver_api_list_end = .

clock_control_driver_api_area
                0x00000000000000a8        0x0
                0x00000000000000a8                _clock_control_driver_api_list_start = .
 *(SORT_BY_NAME(SORT_BY_ALIGNMENT(._clock_control_driver_api.static.*)))
                0x00000000000000a8                _clock_control_driver_api_list_end = .

comparator_driver_api_area
                0x00000000000000a8        0x0
                0x00000000000000a8                _comparator_driver_api_list_start = .
 *(SORT_BY_NAME(SORT_BY_ALIGNMENT(._comparator_driver_api.static.*)))
                0x00000000000000a8                _comparator_driver_api_list_end = .

coredump_driver_api_area
                0x00000000000000a8        0x0
                0x00000000000000a8                _coredump_driver_api_list_start = .
 *(SORT_BY_NAME(SORT_BY_ALIGNMENT(._coredump_driver_api.static.*)))
                0x00000000000000a8                _coredump_driver_api_list_end = .

counter_driver_api_area
                0x00000000000000a8        0x0
                0x00000000000000a8                _counter_driver_api_list_start = .
 *(SORT_BY_NAME(SORT_BY_ALIGNMENT(._counter_driver_api.static.*)))
                0x00000000000000a8                _counter_driver_api_list_end = .

dac_driver_api_area
                0x00000000000000a8        0x0
                0x00000000000000a8                _dac_driver_api_list_start = .
 *(SORT_BY_NAME(SORT_BY_ALIGNMENT(._dac_driver_api.static.*)))
                0x00000000000000a8                _dac_driver_api_list_end = .

dai_driver_api_area
                0x00000000000000a8        0x0
                0x00000000000000a8                _dai_driver_api_list_start = .
 *(SORT_BY_NAME(SORT_BY_ALIGNMENT(._dai_driver_api.static.*)))
                0x00000000000000a8                _dai_driver_api_list_end = .

display_driver_api_area
                0x00000000000000a8        0x0
                0x00000000000000a8                _display_driver_api_list_start = .
 *(SORT_BY_NAME(SORT_BY_ALIGNMENT(._display_driver_api.static.*)))
                0x00000000000000a8                _display_driver_api_list_end = .

dma_driver_api_area
                0x00000000000000a8        0x0
                0x00000000000000a8                _dma_driver_api_list_start = .
 *(SORT_BY_NAME(SORT_BY_ALIGNMENT(._dma_driver_api.static.*)))
                0x00000000000000a8                _dma_driver_api_list_end = .

edac_driver_api_area
                0x00000000000000a8        0x0
                0x00000000000000a8                _edac_driver_api_list_start = .
 *(SORT_BY_NAME(SORT_BY_ALIGNMENT(._edac_driver_api.static.*)))
                0x00000000000000a8                _edac_driver_api_list_end = .

eeprom_driver_api_area
                0x00000000000000a8        0x0
                0x00000000000000a8                _eeprom_driver_api_list_start = .
 *(SORT_BY_NAME(SORT_BY_ALIGNMENT(._eeprom_driver_api.static.*)))
                0x00000000000000a8                _eeprom_driver_api_list_end = .

emul_bbram_driver_api_area
                0x00000000000000a8        0x0
                0x00000000000000a8                _emul_bbram_driver_api_list_start = .
 *(SORT_BY_NAME(SORT_BY_ALIGNMENT(._emul_bbram_driver_api.static.*)))
                0x00000000000000a8                _emul_bbram_driver_api_list_end = .

fuel_gauge_emul_driver_api_area
                0x00000000000000a8        0x0
                0x00000000000000a8                _fuel_gauge_emul_driver_api_list_start = .
 *(SORT_BY_NAME(SORT_BY_ALIGNMENT(._fuel_gauge_emul_driver_api.static.*)))
                0x00000000000000a8                _fuel_gauge_emul_driver_api_list_end = .

emul_sensor_driver_api_area